Archive member included to satisfy reference by file (symbol)

c:/st/stm32cubeide_1.3.0/stm32cubeide/plugins/com.st.stm32cube.ide.mcu.externaltools.gnu-tools-for-stm32.7-2018-q2-update.win32_1.0.0.201904181610/tools/bin/../lib/gcc/arm-none-eabi/7.3.1/../../../../arm-none-eabi/lib/thumb/v7-m\libc.a(lib_a-errno.o)
                              Src/syscalls.o (__errno)
c:/st/stm32cubeide_1.3.0/stm32cubeide/plugins/com.st.stm32cube.ide.mcu.externaltools.gnu-tools-for-stm32.7-2018-q2-update.win32_1.0.0.201904181610/tools/bin/../lib/gcc/arm-none-eabi/7.3.1/../../../../arm-none-eabi/lib/thumb/v7-m\libc.a(lib_a-exit.o)
                              c:/st/stm32cubeide_1.3.0/stm32cubeide/plugins/com.st.stm32cube.ide.mcu.externaltools.gnu-tools-for-stm32.7-2018-q2-update.win32_1.0.0.201904181610/tools/bin/../lib/gcc/arm-none-eabi/7.3.1/../../../../arm-none-eabi/lib/thumb/v7-m/crt0.o (exit)
c:/st/stm32cubeide_1.3.0/stm32cubeide/plugins/com.st.stm32cube.ide.mcu.externaltools.gnu-tools-for-stm32.7-2018-q2-update.win32_1.0.0.201904181610/tools/bin/../lib/gcc/arm-none-eabi/7.3.1/../../../../arm-none-eabi/lib/thumb/v7-m\libc.a(lib_a-impure.o)
                              c:/st/stm32cubeide_1.3.0/stm32cubeide/plugins/com.st.stm32cube.ide.mcu.externaltools.gnu-tools-for-stm32.7-2018-q2-update.win32_1.0.0.201904181610/tools/bin/../lib/gcc/arm-none-eabi/7.3.1/../../../../arm-none-eabi/lib/thumb/v7-m\libc.a(lib_a-exit.o) (_global_impure_ptr)
c:/st/stm32cubeide_1.3.0/stm32cubeide/plugins/com.st.stm32cube.ide.mcu.externaltools.gnu-tools-for-stm32.7-2018-q2-update.win32_1.0.0.201904181610/tools/bin/../lib/gcc/arm-none-eabi/7.3.1/../../../../arm-none-eabi/lib/thumb/v7-m\libc.a(lib_a-init.o)
                              c:/st/stm32cubeide_1.3.0/stm32cubeide/plugins/com.st.stm32cube.ide.mcu.externaltools.gnu-tools-for-stm32.7-2018-q2-update.win32_1.0.0.201904181610/tools/bin/../lib/gcc/arm-none-eabi/7.3.1/../../../../arm-none-eabi/lib/thumb/v7-m/crt0.o (__libc_init_array)
c:/st/stm32cubeide_1.3.0/stm32cubeide/plugins/com.st.stm32cube.ide.mcu.externaltools.gnu-tools-for-stm32.7-2018-q2-update.win32_1.0.0.201904181610/tools/bin/../lib/gcc/arm-none-eabi/7.3.1/../../../../arm-none-eabi/lib/thumb/v7-m\libc.a(lib_a-memset.o)
                              c:/st/stm32cubeide_1.3.0/stm32cubeide/plugins/com.st.stm32cube.ide.mcu.externaltools.gnu-tools-for-stm32.7-2018-q2-update.win32_1.0.0.201904181610/tools/bin/../lib/gcc/arm-none-eabi/7.3.1/../../../../arm-none-eabi/lib/thumb/v7-m/crt0.o (memset)
c:/st/stm32cubeide_1.3.0/stm32cubeide/plugins/com.st.stm32cube.ide.mcu.externaltools.gnu-tools-for-stm32.7-2018-q2-update.win32_1.0.0.201904181610/tools/bin/../lib/gcc/arm-none-eabi/7.3.1/../../../../arm-none-eabi/lib/thumb/v7-m\libc.a(lib_a-__call_atexit.o)
                              c:/st/stm32cubeide_1.3.0/stm32cubeide/plugins/com.st.stm32cube.ide.mcu.externaltools.gnu-tools-for-stm32.7-2018-q2-update.win32_1.0.0.201904181610/tools/bin/../lib/gcc/arm-none-eabi/7.3.1/../../../../arm-none-eabi/lib/thumb/v7-m\libc.a(lib_a-exit.o) (__call_exitprocs)
c:/st/stm32cubeide_1.3.0/stm32cubeide/plugins/com.st.stm32cube.ide.mcu.externaltools.gnu-tools-for-stm32.7-2018-q2-update.win32_1.0.0.201904181610/tools/bin/../lib/gcc/arm-none-eabi/7.3.1/../../../../arm-none-eabi/lib/thumb/v7-m\libc.a(lib_a-atexit.o)
                              c:/st/stm32cubeide_1.3.0/stm32cubeide/plugins/com.st.stm32cube.ide.mcu.externaltools.gnu-tools-for-stm32.7-2018-q2-update.win32_1.0.0.201904181610/tools/bin/../lib/gcc/arm-none-eabi/7.3.1/../../../../arm-none-eabi/lib/thumb/v7-m\libc.a(lib_a-__call_atexit.o) (atexit)
c:/st/stm32cubeide_1.3.0/stm32cubeide/plugins/com.st.stm32cube.ide.mcu.externaltools.gnu-tools-for-stm32.7-2018-q2-update.win32_1.0.0.201904181610/tools/bin/../lib/gcc/arm-none-eabi/7.3.1/../../../../arm-none-eabi/lib/thumb/v7-m\libc.a(lib_a-fini.o)
                              c:/st/stm32cubeide_1.3.0/stm32cubeide/plugins/com.st.stm32cube.ide.mcu.externaltools.gnu-tools-for-stm32.7-2018-q2-update.win32_1.0.0.201904181610/tools/bin/../lib/gcc/arm-none-eabi/7.3.1/../../../../arm-none-eabi/lib/thumb/v7-m\libc.a(lib_a-__call_atexit.o) (__libc_fini_array)
c:/st/stm32cubeide_1.3.0/stm32cubeide/plugins/com.st.stm32cube.ide.mcu.externaltools.gnu-tools-for-stm32.7-2018-q2-update.win32_1.0.0.201904181610/tools/bin/../lib/gcc/arm-none-eabi/7.3.1/../../../../arm-none-eabi/lib/thumb/v7-m\libc.a(lib_a-lock.o)
                              c:/st/stm32cubeide_1.3.0/stm32cubeide/plugins/com.st.stm32cube.ide.mcu.externaltools.gnu-tools-for-stm32.7-2018-q2-update.win32_1.0.0.201904181610/tools/bin/../lib/gcc/arm-none-eabi/7.3.1/../../../../arm-none-eabi/lib/thumb/v7-m\libc.a(lib_a-__call_atexit.o) (__retarget_lock_acquire_recursive)
[...]
Memory Configuration

Name             Origin             Length             Attributes
RAM              0x0000000020000000 0x0000000000005000 xrw
FLASH            0x0000000008000000 0x0000000000010000 xr
*default*        0x0000000000000000 0xffffffffffffffff

Linker script and memory map

LOAD c:/st/stm32cubeide_1.3.0/stm32cubeide/plugins/com.st.stm32cube.ide.mcu.externaltools.gnu-tools-for-stm32.7-2018-q2-update.win32_1.0.0.201904181610/tools/bin/../lib/gcc/arm-none-eabi/7.3.1/thumb/v7-m/crti.o
LOAD c:/st/stm32cubeide_1.3.0/stm32cubeide/plugins/com.st.stm32cube.ide.mcu.externaltools.gnu-tools-for-stm32.7-2018-q2-update.win32_1.0.0.201904181610/tools/bin/../lib/gcc/arm-none-eabi/7.3.1/thumb/v7-m/crtbegin.o
LOAD c:/st/stm32cubeide_1.3.0/stm32cubeide/plugins/com.st.stm32cube.ide.mcu.externaltools.gnu-tools-for-stm32.7-2018-q2-update.win32_1.0.0.201904181610/tools/bin/../lib/gcc/arm-none-eabi/7.3.1/../../../../arm-none-eabi/lib/thumb/v7-m/crt0.o
LOAD Drivers/STM32F1xx_HAL_Driver/Src/stm32f1xx_hal.o
LOAD Drivers/STM32F1xx_HAL_Driver/Src/stm32f1xx_hal_adc.o
LOAD Drivers/STM32F1xx_HAL_Driver/Src/stm32f1xx_hal_adc_ex.o
LOAD Drivers/STM32F1xx_HAL_Driver/Src/stm32f1xx_hal_cortex.o
LOAD Drivers/STM32F1xx_HAL_Driver/Src/stm32f1xx_hal_dma.o
LOAD Drivers/STM32F1xx_HAL_Driver/Src/stm32f1xx_hal_exti.o
LOAD Drivers/STM32F1xx_HAL_Driver/Src/stm32f1xx_hal_flash.o
LOAD Drivers/STM32F1xx_HAL_Driver/Src/stm32f1xx_hal_flash_ex.o
LOAD Drivers/STM32F1xx_HAL_Driver/Src/stm32f1xx_hal_gpio.o
LOAD Drivers/STM32F1xx_HAL_Driver/Src/stm32f1xx_hal_gpio_ex.o
LOAD Drivers/STM32F1xx_HAL_Driver/Src/stm32f1xx_hal_pwr.o
LOAD Drivers/STM32F1xx_HAL_Driver/Src/stm32f1xx_hal_rcc.o
LOAD Drivers/STM32F1xx_HAL_Driver/Src/stm32f1xx_hal_rcc_ex.o
LOAD Drivers/STM32F1xx_HAL_Driver/Src/stm32f1xx_hal_spi.o
LOAD Drivers/STM32F1xx_HAL_Driver/Src/stm32f1xx_hal_tim.o
LOAD Drivers/STM32F1xx_HAL_Driver/Src/stm32f1xx_hal_tim_ex.o
LOAD Drivers/STM32F1xx_HAL_Driver/Src/stm32f1xx_hal_uart.o
LOAD Src/DELEYS/delay.o
LOAD Src/DS18B20/crc8.o
LOAD Src/DS18B20/ds18b20.o
LOAD Src/EEPROM/EEPROM.o
LOAD Src/EEPROM/rom.o
LOAD Src/HD44780/HD44780.o
LOAD Src/NTC/ntc.o
LOAD Src/PID/PID.o
LOAD Src/PWM_CTRL/PWM_CTRL.o
LOAD Src/SERVIS/servis.o
LOAD Src/TIME_COUNTER/time_counter.o
LOAD Src/UI/UI.o
LOAD Src/UI/indicators.o
LOAD Src/UI/infinite_heater.o
LOAD Src/UI/program_and_memory.o
LOAD Src/UI/sequance.o
LOAD Src/main.o
LOAD Src/stm32f1xx_hal_msp.o
LOAD Src/stm32f1xx_it.o
LOAD Src/syscalls.o
LOAD Src/sysmem.o
LOAD Src/system_stm32f1xx.o
LOAD Startup/startup_stm32f103c8tx.o
START GROUP
LOAD c:/st/stm32cubeide_1.3.0/stm32cubeide/plugins/com.st.stm32cube.ide.mcu.externaltools.gnu-tools-for-stm32.7-2018-q2-update.win32_1.0.0.201904181610/tools/bin/../lib/gcc/arm-none-eabi/7.3.1/../../../../arm-none-eabi/lib/thumb/v7-m\libc.a
LOAD c:/st/stm32cubeide_1.3.0/stm32cubeide/plugins/com.st.stm32cube.ide.mcu.externaltools.gnu-tools-for-stm32.7-2018-q2-update.win32_1.0.0.201904181610/tools/bin/../lib/gcc/arm-none-eabi/7.3.1/../../../../arm-none-eabi/lib/thumb/v7-m\libm.a
END GROUP
START GROUP
LOAD c:/st/stm32cubeide_1.3.0/stm32cubeide/plugins/com.st.stm32cube.ide.mcu.externaltools.gnu-tools-for-stm32.7-2018-q2-update.win32_1.0.0.201904181610/tools/bin/../lib/gcc/arm-none-eabi/7.3.1/thumb/v7-m\libgcc.a
LOAD c:/st/stm32cubeide_1.3.0/stm32cubeide/plugins/com.st.stm32cube.ide.mcu.externaltools.gnu-tools-for-stm32.7-2018-q2-update.win32_1.0.0.201904181610/tools/bin/../lib/gcc/arm-none-eabi/7.3.1/../../../../arm-none-eabi/lib/thumb/v7-m\libc.a
END GROUP
START GROUP
LOAD c:/st/stm32cubeide_1.3.0/stm32cubeide/plugins/com.st.stm32cube.ide.mcu.externaltools.gnu-tools-for-stm32.7-2018-q2-update.win32_1.0.0.201904181610/tools/bin/../lib/gcc/arm-none-eabi/7.3.1/thumb/v7-m\libgcc.a
LOAD c:/st/stm32cubeide_1.3.0/stm32cubeide/plugins/com.st.stm32cube.ide.mcu.externaltools.gnu-tools-for-stm32.7-2018-q2-update.win32_1.0.0.201904181610/tools/bin/../lib/gcc/arm-none-eabi/7.3.1/../../../../arm-none-eabi/lib/thumb/v7-m\libc.a
LOAD c:/st/stm32cubeide_1.3.0/stm32cubeide/plugins/com.st.stm32cube.ide.mcu.externaltools.gnu-tools-for-stm32.7-2018-q2-update.win32_1.0.0.201904181610/tools/bin/../lib/gcc/arm-none-eabi/7.3.1/../../../../arm-none-eabi/lib/thumb/v7-m\libnosys.a
END GROUP
LOAD c:/st/stm32cubeide_1.3.0/stm32cubeide/plugins/com.st.stm32cube.ide.mcu.externaltools.gnu-tools-for-stm32.7-2018-q2-update.win32_1.0.0.201904181610/tools/bin/../lib/gcc/arm-none-eabi/7.3.1/thumb/v7-m/crtend.o
LOAD c:/st/stm32cubeide_1.3.0/stm32cubeide/plugins/com.st.stm32cube.ide.mcu.externaltools.gnu-tools-for-stm32.7-2018-q2-update.win32_1.0.0.201904181610/tools/bin/../lib/gcc/arm-none-eabi/7.3.1/thumb/v7-m/crtn.o
                0x0000000020005000                _estack = (ORIGIN (RAM) + LENGTH (RAM))
                0x0000000000000800                _Min_Heap_Size = 0x800
                0x0000000000000800                _Min_Stack_Size = 0x800

.isr_vector     0x0000000008000000      0x10c
                0x0000000008000000                . = ALIGN (0x4)
 *(.isr_vector)
 .isr_vector    0x0000000008000000      0x10c Startup/startup_stm32f103c8tx.o
                0x0000000008000000                g_pfnVectors
                0x000000000800010c                . = ALIGN (0x4)

.text           0x0000000008000110     0x6490
                0x0000000008000110                . = ALIGN (0x4)
 *(.text)
 .text          0x0000000008000110       0x40 c:/st/stm32cubeide_1.3.0/stm32cubeide/plugins/com.st.stm32cube.ide.mcu.externaltools.gnu-tools-for-stm32.7-2018-q2-update.win32_1.0.0.201904181610/tools/bin/../lib/gcc/arm-none-eabi/7.3.1/thumb/v7-m/crtbegin.o
 .text          0x0000000008000150      0x378 c:/st/stm32cubeide_1.3.0/stm32cubeide/plugins/com.st.stm32cube.ide.mcu.externaltools.gnu-tools-for-stm32.7-2018-q2-update.win32_1.0.0.201904181610/tools/bin/../lib/gcc/arm-none-eabi/7.3.1/thumb/v7-m\libgcc.a(_arm_addsubdf3.o)
                0x0000000008000150                __aeabi_drsub
                0x0000000008000158                __aeabi_dsub
                0x0000000008000158                __subdf3
                0x000000000800015c                __aeabi_dadd
                0x000000000800015c                __adddf3
                0x00000000080003d4                __floatunsidf
                0x00000000080003d4                __aeabi_ui2d
                0x00000000080003f4                __floatsidf
                0x00000000080003f4                __aeabi_i2d
                0x0000000008000418                __aeabi_f2d
                0x0000000008000418                __extendsfdf2
                0x000000000800045c                __floatundidf
                0x000000000800045c                __aeabi_ul2d
                0x000000000800046c                __floatdidf
                0x000000000800046c                __aeabi_l2d
 .text          0x00000000080004c8      0x424 c:/st/stm32cubeide_1.3.0/stm32cubeide/plugins/com.st.stm32cube.ide.mcu.externaltools.gnu-tools-for-stm32.7-2018-q2-update.win32_1.0.0.201904181610/tools/bin/../lib/gcc/arm-none-eabi/7.3.1/thumb/v7-m\libgcc.a(_arm_muldivdf3.o)
                0x00000000080004c8                __aeabi_dmul
                0x00000000080004c8                __muldf3
                0x000000000800071c                __divdf3
                0x000000000800071c                __aeabi_ddiv
 .text          0x00000000080008ec      0x110 c:/st/stm32cubeide_1.3.0/stm32cubeide/plugins/com.st.stm32cube.ide.mcu.externaltools.gnu-tools-for-stm32.7-2018-q2-update.win32_1.0.0.201904181610/tools/bin/../lib/gcc/arm-none-eabi/7.3.1/thumb/v7-m\libgcc.a(_arm_cmpdf2.o)
                0x00000000080008ec                __gtdf2
                0x00000000080008ec                __gedf2
                0x00000000080008f4                __ltdf2
                0x00000000080008f4                __ledf2
                0x00000000080008fc                __nedf2
                0x00000000080008fc                __eqdf2
                0x00000000080008fc                __cmpdf2
                0x0000000008000978                __aeabi_cdrcmple
                0x0000000008000988                __aeabi_cdcmpeq
                0x0000000008000988                __aeabi_cdcmple
                0x0000000008000998                __aeabi_dcmpeq
                0x00000000080009ac                __aeabi_dcmplt
                0x00000000080009c0                __aeabi_dcmple
                0x00000000080009d4                __aeabi_dcmpge
                0x00000000080009e8                __aeabi_dcmpgt
 .text          0x00000000080009fc       0x40 c:/st/stm32cubeide_1.3.0/stm32cubeide/plugins/com.st.stm32cube.ide.mcu.externaltools.gnu-tools-for-stm32.7-2018-q2-update.win32_1.0.0.201904181610/tools/bin/../lib/gcc/arm-none-eabi/7.3.1/thumb/v7-m\libgcc.a(_arm_fixunsdfsi.o)
                0x00000000080009fc                __aeabi_d2uiz
                0x00000000080009fc                __fixunsdfsi
 .text          0x0000000008000a3c       0xa0 c:/st/stm32cubeide_1.3.0/stm32cubeide/plugins/com.st.stm32cube.ide.mcu.externaltools.gnu-tools-for-stm32.7-2018-q2-update.win32_1.0.0.201904181610/tools/bin/../lib/gcc/arm-none-eabi/7.3.1/thumb/v7-m\libgcc.a(_arm_truncdfsf2.o)
                0x0000000008000a3c                __truncdfsf2
                0x0000000008000a3c                __aeabi_d2f
 .text          0x0000000008000adc      0x21c c:/st/stm32cubeide_1.3.0/stm32cubeide/plugins/com.st.stm32cube.ide.mcu.externaltools.gnu-tools-for-stm32.7-2018-q2-update.win32_1.0.0.201904181610/tools/bin/../lib/gcc/arm-none-eabi/7.3.1/thumb/v7-m\libgcc.a(_arm_addsubsf3.o)
                0x0000000008000adc                __aeabi_frsub
                0x0000000008000ae4                __subsf3
                0x0000000008000ae4                __aeabi_fsub
                0x0000000008000ae8                __aeabi_fadd
                0x0000000008000ae8                __addsf3
                0x0000000008000c48                __aeabi_ui2f
                0x0000000008000c48                __floatunsisf
                0x0000000008000c50                __aeabi_i2f
                0x0000000008000c50                __floatsisf
                0x0000000008000c6c                __aeabi_ul2f
                0x0000000008000c6c                __floatundisf
                0x0000000008000c7c                __aeabi_l2f
                0x0000000008000c7c                __floatdisf
 .text          0x0000000008000cf8      0x2a0 c:/st/stm32cubeide_1.3.0/stm32cubeide/plugins/com.st.stm32cube.ide.mcu.externaltools.gnu-tools-for-stm32.7-2018-q2-update.win32_1.0.0.201904181610/tools/bin/../lib/gcc/arm-none-eabi/7.3.1/thumb/v7-m\libgcc.a(_arm_muldivsf3.o)
                0x0000000008000cf8                __mulsf3
                0x0000000008000cf8                __aeabi_fmul
                0x0000000008000e60                __aeabi_fdiv
                0x0000000008000e60                __divsf3
 .text          0x0000000008000f98       0xec c:/st/stm32cubeide_1.3.0/stm32cubeide/plugins/com.st.stm32cube.ide.mcu.externaltools.gnu-tools-for-stm32.7-2018-q2-update.win32_1.0.0.201904181610/tools/bin/../lib/gcc/arm-none-eabi/7.3.1/thumb/v7-m\libgcc.a(_arm_cmpsf2.o)
                0x0000000008000f98                __gesf2
                0x0000000008000f98                __gtsf2
                0x0000000008000fa0                __lesf2
                0x0000000008000fa0                __ltsf2
                0x0000000008000fa8                __nesf2
                0x0000000008000fa8                __eqsf2
                0x0000000008000fa8                __cmpsf2
                0x0000000008001008                __aeabi_cfrcmple
                0x0000000008001010                __aeabi_cfcmpeq
                0x0000000008001010                __aeabi_cfcmple
                0x0000000008001020                __aeabi_fcmpeq
                0x0000000008001034                __aeabi_fcmplt
                0x0000000008001048                __aeabi_fcmple
                0x000000000800105c                __aeabi_fcmpge
                0x0000000008001070                __aeabi_fcmpgt
 *(.text*)
 .text.HAL_InitTick
                0x0000000008001084       0x4c Drivers/STM32F1xx_HAL_Driver/Src/stm32f1xx_hal.o
                0x0000000008001084                HAL_InitTick
 .text.HAL_Init
                0x00000000080010d0       0x24 Drivers/STM32F1xx_HAL_Driver/Src/stm32f1xx_hal.o
                0x00000000080010d0                HAL_Init
 .text.HAL_IncTick
                0x00000000080010f4       0x18 Drivers/STM32F1xx_HAL_Driver/Src/stm32f1xx_hal.o
                0x00000000080010f4                HAL_IncTick
 .text.HAL_GetTick
                0x000000000800110c        0xc Drivers/STM32F1xx_HAL_Driver/Src/stm32f1xx_hal.o
                0x000000000800110c                HAL_GetTick
 .text.HAL_ADC_ConvCpltCallback
                0x0000000008001118        0x2 Drivers/STM32F1xx_HAL_Driver/Src/stm32f1xx_hal_adc.o
                0x0000000008001118                HAL_ADC_ConvCpltCallback
 .text.ADC_DMAConvCplt
                0x000000000800111a       0x52 Drivers/STM32F1xx_HAL_Driver/Src/stm32f1xx_hal_adc.o
                0x000000000800111a                ADC_DMAConvCplt
 .text.HAL_ADC_ConvHalfCpltCallback
                0x000000000800116c        0x2 Drivers/STM32F1xx_HAL_Driver/Src/stm32f1xx_hal_adc.o
                0x000000000800116c                HAL_ADC_ConvHalfCpltCallback
 .text.ADC_DMAHalfConvCplt
                0x000000000800116e        0xa Drivers/STM32F1xx_HAL_Driver/Src/stm32f1xx_hal_adc.o
                0x000000000800116e                ADC_DMAHalfConvCplt
 .text.HAL_ADC_LevelOutOfWindowCallback
                0x0000000008001178        0x2 Drivers/STM32F1xx_HAL_Driver/Src/stm32f1xx_hal_adc.o
                0x0000000008001178                HAL_ADC_LevelOutOfWindowCallback
 .text.HAL_ADC_IRQHandler
                0x000000000800117a      0x10c Drivers/STM32F1xx_HAL_Driver/Src/stm32f1xx_hal_adc.o
                0x000000000800117a                HAL_ADC_IRQHandler
 .text.HAL_ADC_ErrorCallback
                0x0000000008001286        0x2 Drivers/STM32F1xx_HAL_Driver/Src/stm32f1xx_hal_adc.o
                0x0000000008001286                HAL_ADC_ErrorCallback
 .text.ADC_DMAError
                0x0000000008001288       0x1a Drivers/STM32F1xx_HAL_Driver/Src/stm32f1xx_hal_adc.o
                0x0000000008001288                ADC_DMAError
 *fill*         0x00000000080012a2        0x2 
 .text.HAL_ADC_ConfigChannel
                0x00000000080012a4      0x138 Drivers/STM32F1xx_HAL_Driver/Src/stm32f1xx_hal_adc.o
                0x00000000080012a4                HAL_ADC_ConfigChannel
 .text.ADC_Enable
                0x00000000080013dc       0x80 Drivers/STM32F1xx_HAL_Driver/Src/stm32f1xx_hal_adc.o
                0x00000000080013dc                ADC_Enable
 .text.HAL_ADC_Start
                0x000000000800145c       0xec Drivers/STM32F1xx_HAL_Driver/Src/stm32f1xx_hal_adc.o
                0x000000000800145c                HAL_ADC_Start
 .text.HAL_ADC_Start_DMA
                0x0000000008001548      0x130 Drivers/STM32F1xx_HAL_Driver/Src/stm32f1xx_hal_adc.o
                0x0000000008001548                HAL_ADC_Start_DMA
 .text.ADC_ConversionStop_Disable
                0x0000000008001678       0x4c Drivers/STM32F1xx_HAL_Driver/Src/stm32f1xx_hal_adc.o
                0x0000000008001678                ADC_ConversionStop_Disable
 .text.HAL_ADC_Init
                0x00000000080016c4      0x110 Drivers/STM32F1xx_HAL_Driver/Src/stm32f1xx_hal_adc.o
                0x00000000080016c4                HAL_ADC_Init
 .text.HAL_ADCEx_Calibration_Start
                0x00000000080017d4       0xec Drivers/STM32F1xx_HAL_Driver/Src/stm32f1xx_hal_adc_ex.o
                0x00000000080017d4                HAL_ADCEx_Calibration_Start
 .text.HAL_ADCEx_InjectedConvCpltCallback
                0x00000000080018c0        0x2 Drivers/STM32F1xx_HAL_Driver/Src/stm32f1xx_hal_adc_ex.o
                0x00000000080018c0                HAL_ADCEx_InjectedConvCpltCallback
 *fill*         0x00000000080018c2        0x2 
 .text.HAL_NVIC_SetPriorityGrouping
                0x00000000080018c4       0x24 Drivers/STM32F1xx_HAL_Driver/Src/stm32f1xx_hal_cortex.o
                0x00000000080018c4                HAL_NVIC_SetPriorityGrouping
 .text.HAL_NVIC_SetPriority
                0x00000000080018e8       0x68 Drivers/STM32F1xx_HAL_Driver/Src/stm32f1xx_hal_cortex.o
                0x00000000080018e8                HAL_NVIC_SetPriority
 .text.HAL_NVIC_EnableIRQ
                0x0000000008001950       0x1c Drivers/STM32F1xx_HAL_Driver/Src/stm32f1xx_hal_cortex.o
                0x0000000008001950                HAL_NVIC_EnableIRQ
 .text.HAL_SYSTICK_Config
                0x000000000800196c       0x2c Drivers/STM32F1xx_HAL_Driver/Src/stm32f1xx_hal_cortex.o
                0x000000000800196c                HAL_SYSTICK_Config
 .text.DMA_SetConfig
                0x0000000008001998       0x2c Drivers/STM32F1xx_HAL_Driver/Src/stm32f1xx_hal_dma.o
 .text.HAL_DMA_Init
                0x00000000080019c4       0x6c Drivers/STM32F1xx_HAL_Driver/Src/stm32f1xx_hal_dma.o
                0x00000000080019c4                HAL_DMA_Init
 .text.HAL_DMA_Start_IT
                0x0000000008001a30       0x74 Drivers/STM32F1xx_HAL_Driver/Src/stm32f1xx_hal_dma.o
                0x0000000008001a30                HAL_DMA_Start_IT
 .text.HAL_DMA_Abort_IT
                0x0000000008001aa4       0x98 Drivers/STM32F1xx_HAL_Driver/Src/stm32f1xx_hal_dma.o
                0x0000000008001aa4                HAL_DMA_Abort_IT
 .text.FLASH_Program_HalfWord
                0x0000000008001b3c       0x1c Drivers/STM32F1xx_HAL_Driver/Src/stm32f1xx_hal_flash.o
 .text.FLASH_SetErrorCode
                0x0000000008001b58       0x74 Drivers/STM32F1xx_HAL_Driver/Src/stm32f1xx_hal_flash.o
 .text.FLASH_WaitForLastOperation
                0x0000000008001bcc       0x6c Drivers/STM32F1xx_HAL_Driver/Src/stm32f1xx_hal_flash.o
                0x0000000008001bcc                FLASH_WaitForLastOperation
 .text.HAL_FLASH_Program
                0x0000000008001c38       0x9c Drivers/STM32F1xx_HAL_Driver/Src/stm32f1xx_hal_flash.o
                0x0000000008001c38                HAL_FLASH_Program
 .text.FLASH_MassErase
                0x0000000008001cd4       0x24 Drivers/STM32F1xx_HAL_Driver/Src/stm32f1xx_hal_flash_ex.o
 .text.FLASH_PageErase
                0x0000000008001cf8       0x24 Drivers/STM32F1xx_HAL_Driver/Src/stm32f1xx_hal_flash_ex.o
                0x0000000008001cf8                FLASH_PageErase
 .text.HAL_FLASHEx_Erase
                0x0000000008001d1c       0xa4 Drivers/STM32F1xx_HAL_Driver/Src/stm32f1xx_hal_flash_ex.o
                0x0000000008001d1c                HAL_FLASHEx_Erase
 .text.HAL_GPIO_Init
                0x0000000008001dc0      0x1d8 Drivers/STM32F1xx_HAL_Driver/Src/stm32f1xx_hal_gpio.o
                0x0000000008001dc0                HAL_GPIO_Init
 .text.HAL_GPIO_WritePin
                0x0000000008001f98        0xc Drivers/STM32F1xx_HAL_Driver/Src/stm32f1xx_hal_gpio.o
                0x0000000008001f98                HAL_GPIO_WritePin
 .text.HAL_GPIO_EXTI_Callback
                0x0000000008001fa4        0x2 Drivers/STM32F1xx_HAL_Driver/Src/stm32f1xx_hal_gpio.o
                0x0000000008001fa4                HAL_GPIO_EXTI_Callback
 *fill*         0x0000000008001fa6        0x2 
 .text.HAL_GPIO_EXTI_IRQHandler
                0x0000000008001fa8       0x1c Drivers/STM32F1xx_HAL_Driver/Src/stm32f1xx_hal_gpio.o
                0x0000000008001fa8                HAL_GPIO_EXTI_IRQHandler
 .text.RCC_Delay
                0x0000000008001fc4       0x2c Drivers/STM32F1xx_HAL_Driver/Src/stm32f1xx_hal_rcc.o
 .text.HAL_RCC_OscConfig
                0x0000000008001ff0      0x410 Drivers/STM32F1xx_HAL_Driver/Src/stm32f1xx_hal_rcc.o
                0x0000000008001ff0                HAL_RCC_OscConfig
 .text.HAL_RCC_GetSysClockFreq
                0x0000000008002400       0x70 Drivers/STM32F1xx_HAL_Driver/Src/stm32f1xx_hal_rcc.o
                0x0000000008002400                HAL_RCC_GetSysClockFreq
 .text.HAL_RCC_ClockConfig
                0x0000000008002470      0x168 Drivers/STM32F1xx_HAL_Driver/Src/stm32f1xx_hal_rcc.o
                0x0000000008002470                HAL_RCC_ClockConfig
 .text.HAL_RCC_GetHCLKFreq
                0x00000000080025d8        0xc Drivers/STM32F1xx_HAL_Driver/Src/stm32f1xx_hal_rcc.o
                0x00000000080025d8                HAL_RCC_GetHCLKFreq
 .text.HAL_RCC_GetPCLK1Freq
                0x00000000080025e4       0x20 Drivers/STM32F1xx_HAL_Driver/Src/stm32f1xx_hal_rcc.o
                0x00000000080025e4                HAL_RCC_GetPCLK1Freq
 .text.HAL_RCC_GetPCLK2Freq
                0x0000000008002604       0x20 Drivers/STM32F1xx_HAL_Driver/Src/stm32f1xx_hal_rcc.o
                0x0000000008002604                HAL_RCC_GetPCLK2Freq
 .text.HAL_RCCEx_PeriphCLKConfig
                0x0000000008002624      0x114 Drivers/STM32F1xx_HAL_Driver/Src/stm32f1xx_hal_rcc_ex.o
                0x0000000008002624                HAL_RCCEx_PeriphCLKConfig
 .text.HAL_RCCEx_GetPeriphCLKFreq
                0x0000000008002738       0xfc Drivers/STM32F1xx_HAL_Driver/Src/stm32f1xx_hal_rcc_ex.o
                0x0000000008002738                HAL_RCCEx_GetPeriphCLKFreq
 .text.HAL_SPI_Init
                0x0000000008002834       0x7c Drivers/STM32F1xx_HAL_Driver/Src/stm32f1xx_hal_spi.o
                0x0000000008002834                HAL_SPI_Init
 .text.TIM_OC1_SetConfig
                0x00000000080028b0       0x5c Drivers/STM32F1xx_HAL_Driver/Src/stm32f1xx_hal_tim.o
 .text.TIM_OC3_SetConfig
                0x000000000800290c       0x64 Drivers/STM32F1xx_HAL_Driver/Src/stm32f1xx_hal_tim.o
 .text.TIM_OC4_SetConfig
                0x0000000008002970       0x48 Drivers/STM32F1xx_HAL_Driver/Src/stm32f1xx_hal_tim.o
 .text.TIM_TI1_ConfigInputStage
                0x00000000080029b8       0x24 Drivers/STM32F1xx_HAL_Driver/Src/stm32f1xx_hal_tim.o
 .text.TIM_TI2_ConfigInputStage
                0x00000000080029dc       0x26 Drivers/STM32F1xx_HAL_Driver/Src/stm32f1xx_hal_tim.o
 .text.TIM_ITRx_SetConfig
                0x0000000008002a02       0x10 Drivers/STM32F1xx_HAL_Driver/Src/stm32f1xx_hal_tim.o
 .text.HAL_TIM_Base_Start_IT
                0x0000000008002a12       0x22 Drivers/STM32F1xx_HAL_Driver/Src/stm32f1xx_hal_tim.o
                0x0000000008002a12                HAL_TIM_Base_Start_IT
 .text.HAL_TIM_OC_MspInit
                0x0000000008002a34        0x2 Drivers/STM32F1xx_HAL_Driver/Src/stm32f1xx_hal_tim.o
                0x0000000008002a34                HAL_TIM_OC_MspInit
 .text.HAL_TIM_OnePulse_MspInit
                0x0000000008002a36        0x2 Drivers/STM32F1xx_HAL_Driver/Src/stm32f1xx_hal_tim.o
                0x0000000008002a36                HAL_TIM_OnePulse_MspInit
 .text.HAL_TIM_PeriodElapsedCallback
                0x0000000008002a38        0x2 Drivers/STM32F1xx_HAL_Driver/Src/stm32f1xx_hal_tim.o
                0x0000000008002a38                HAL_TIM_PeriodElapsedCallback
 .text.HAL_TIM_OC_DelayElapsedCallback
                0x0000000008002a3a        0x2 Drivers/STM32F1xx_HAL_Driver/Src/stm32f1xx_hal_tim.o
                0x0000000008002a3a                HAL_TIM_OC_DelayElapsedCallback
 .text.HAL_TIM_IC_CaptureCallback
                0x0000000008002a3c        0x2 Drivers/STM32F1xx_HAL_Driver/Src/stm32f1xx_hal_tim.o
                0x0000000008002a3c                HAL_TIM_IC_CaptureCallback
 .text.HAL_TIM_PWM_PulseFinishedCallback
                0x0000000008002a3e        0x2 Drivers/STM32F1xx_HAL_Driver/Src/stm32f1xx_hal_tim.o
                0x0000000008002a3e                HAL_TIM_PWM_PulseFinishedCallback
 .text.HAL_TIM_TriggerCallback
                0x0000000008002a40        0x2 Drivers/STM32F1xx_HAL_Driver/Src/stm32f1xx_hal_tim.o
                0x0000000008002a40                HAL_TIM_TriggerCallback
 .text.HAL_TIM_IRQHandler
                0x0000000008002a42      0x17a Drivers/STM32F1xx_HAL_Driver/Src/stm32f1xx_hal_tim.o
                0x0000000008002a42                HAL_TIM_IRQHandler
 .text.TIM_Base_SetConfig
                0x0000000008002bbc       0x74 Drivers/STM32F1xx_HAL_Driver/Src/stm32f1xx_hal_tim.o
                0x0000000008002bbc                TIM_Base_SetConfig
 .text.HAL_TIM_Base_Init
                0x0000000008002c30       0x32 Drivers/STM32F1xx_HAL_Driver/Src/stm32f1xx_hal_tim.o
                0x0000000008002c30                HAL_TIM_Base_Init
 .text.HAL_TIM_OC_Init
                0x0000000008002c62       0x32 Drivers/STM32F1xx_HAL_Driver/Src/stm32f1xx_hal_tim.o
                0x0000000008002c62                HAL_TIM_OC_Init
 .text.HAL_TIM_OnePulse_Init
                0x0000000008002c94       0x46 Drivers/STM32F1xx_HAL_Driver/Src/stm32f1xx_hal_tim.o
                0x0000000008002c94                HAL_TIM_OnePulse_Init
 *fill*         0x0000000008002cda        0x2 
 .text.TIM_OC2_SetConfig
                0x0000000008002cdc       0x64 Drivers/STM32F1xx_HAL_Driver/Src/stm32f1xx_hal_tim.o
                0x0000000008002cdc                TIM_OC2_SetConfig
 .text.HAL_TIM_OC_ConfigChannel
                0x0000000008002d40       0x5e Drivers/STM32F1xx_HAL_Driver/Src/stm32f1xx_hal_tim.o
                0x0000000008002d40                HAL_TIM_OC_ConfigChannel
 .text.TIM_ETR_SetConfig
                0x0000000008002d9e       0x16 Drivers/STM32F1xx_HAL_Driver/Src/stm32f1xx_hal_tim.o
                0x0000000008002d9e                TIM_ETR_SetConfig
 .text.HAL_TIM_ConfigClockSource
                0x0000000008002db4       0xda Drivers/STM32F1xx_HAL_Driver/Src/stm32f1xx_hal_tim.o
                0x0000000008002db4                HAL_TIM_ConfigClockSource
 .text.HAL_TIMEx_MasterConfigSynchronization
                0x0000000008002e8e       0x46 Drivers/STM32F1xx_HAL_Driver/Src/stm32f1xx_hal_tim_ex.o
                0x0000000008002e8e                HAL_TIMEx_MasterConfigSynchronization
 .text.HAL_TIMEx_ConfigBreakDeadTime
                0x0000000008002ed4       0x52 Drivers/STM32F1xx_HAL_Driver/Src/stm32f1xx_hal_tim_ex.o
                0x0000000008002ed4                HAL_TIMEx_ConfigBreakDeadTime
 .text.HAL_TIMEx_CommutCallback
                0x0000000008002f26        0x2 Drivers/STM32F1xx_HAL_Driver/Src/stm32f1xx_hal_tim_ex.o
                0x0000000008002f26                HAL_TIMEx_CommutCallback
 .text.HAL_TIMEx_BreakCallback
                0x0000000008002f28        0x2 Drivers/STM32F1xx_HAL_Driver/Src/stm32f1xx_hal_tim_ex.o
                0x0000000008002f28                HAL_TIMEx_BreakCallback
 .text.UART_EndRxTransfer
                0x0000000008002f2a       0x1c Drivers/STM32F1xx_HAL_Driver/Src/stm32f1xx_hal_uart.o
 .text.UART_Transmit_IT
                0x0000000008002f46       0x68 Drivers/STM32F1xx_HAL_Driver/Src/stm32f1xx_hal_uart.o
 *fill*         0x0000000008002fae        0x2 
 .text.UART_SetConfig
                0x0000000008002fb0       0xcc Drivers/STM32F1xx_HAL_Driver/Src/stm32f1xx_hal_uart.o
 .text.HAL_UART_Init
                0x000000000800307c       0x5e Drivers/STM32F1xx_HAL_Driver/Src/stm32f1xx_hal_uart.o
                0x000000000800307c                HAL_UART_Init
 .text.HAL_UART_TxCpltCallback
                0x00000000080030da        0x2 Drivers/STM32F1xx_HAL_Driver/Src/stm32f1xx_hal_uart.o
                0x00000000080030da                HAL_UART_TxCpltCallback
 .text.UART_EndTransmit_IT
                0x00000000080030dc       0x1a Drivers/STM32F1xx_HAL_Driver/Src/stm32f1xx_hal_uart.o
 .text.HAL_UART_RxCpltCallback
                0x00000000080030f6        0x2 Drivers/STM32F1xx_HAL_Driver/Src/stm32f1xx_hal_uart.o
                0x00000000080030f6                HAL_UART_RxCpltCallback
 .text.UART_Receive_IT
                0x00000000080030f8       0x9c Drivers/STM32F1xx_HAL_Driver/Src/stm32f1xx_hal_uart.o
 .text.HAL_UART_ErrorCallback
                0x0000000008003194        0x2 Drivers/STM32F1xx_HAL_Driver/Src/stm32f1xx_hal_uart.o
                0x0000000008003194                HAL_UART_ErrorCallback
 *fill*         0x0000000008003196        0x2 
 .text.HAL_UART_IRQHandler
                0x0000000008003198      0x120 Drivers/STM32F1xx_HAL_Driver/Src/stm32f1xx_hal_uart.o
                0x0000000008003198                HAL_UART_IRQHandler
 .text.UART_DMAAbortOnError
                0x00000000080032b8       0x10 Drivers/STM32F1xx_HAL_Driver/Src/stm32f1xx_hal_uart.o
 .text.simple_delay_ms
                0x00000000080032c8       0x16 Src/DELEYS/delay.o
                0x00000000080032c8                simple_delay_ms
 .text.simple_delay_us
                0x00000000080032de       0x16 Src/DELEYS/delay.o
                0x00000000080032de                simple_delay_us
 .text.crc8     0x00000000080032f4       0x3a Src/DS18B20/crc8.o
                0x00000000080032f4                crc8
 *fill*         0x000000000800332e        0x2 
 .text.oneWire_direction_set
                0x0000000008003330       0x58 Src/DS18B20/ds18b20.o
                0x0000000008003330                oneWire_direction_set
 .text.oneWire_init
                0x0000000008003388       0x58 Src/DS18B20/ds18b20.o
                0x0000000008003388                oneWire_init
 .text.oneWire_writeBit
                0x00000000080033e0       0x5c Src/DS18B20/ds18b20.o
                0x00000000080033e0                oneWire_writeBit
 .text.oneWire_writeByte
                0x000000000800343c       0x48 Src/DS18B20/ds18b20.o
                0x000000000800343c                oneWire_writeByte
 .text.oneWire_readbit
                0x0000000008003484       0x58 Src/DS18B20/ds18b20.o
                0x0000000008003484                oneWire_readbit
 .text.oneWire_readbyte
                0x00000000080034dc       0x2a Src/DS18B20/ds18b20.o
                0x00000000080034dc                oneWire_readbyte
 *fill*         0x0000000008003506        0x2 
 .text.write_data_to_struct
                0x0000000008003508       0x84 Src/DS18B20/ds18b20.o
                0x0000000008003508                write_data_to_struct
 .text.read_address_bit_form_struct
                0x000000000800358c       0x8c Src/DS18B20/ds18b20.o
                0x000000000800358c                read_address_bit_form_struct
 .text.ds18b20_check_crc
                0x0000000008003618       0x24 Src/DS18B20/ds18b20.o
                0x0000000008003618                ds18b20_check_crc
 .text.ds18b20_search_rom
                0x000000000800363c       0xe4 Src/DS18B20/ds18b20.o
                0x000000000800363c                ds18b20_search_rom
 .text.calculate_data_address
                0x0000000008003720        0xa Src/DS18B20/ds18b20.o
                0x0000000008003720                calculate_data_address
 *fill*         0x000000000800372a        0x2 
 .text.ds18b20_read_scratchpad
                0x000000000800372c       0xb0 Src/DS18B20/ds18b20.o
                0x000000000800372c                ds18b20_read_scratchpad
 .text.ds18b20_get_scratchpad_temperature
                0x00000000080037dc       0x2c Src/DS18B20/ds18b20.o
                0x00000000080037dc                ds18b20_get_scratchpad_temperature
 .text.ds18b20_initalize
                0x0000000008003808       0x20 Src/DS18B20/ds18b20.o
                0x0000000008003808                ds18b20_initalize
 .text.ds18b20_convert_temperature
                0x0000000008003828       0x68 Src/DS18B20/ds18b20.o
                0x0000000008003828                ds18b20_convert_temperature
 .text.ds18b20_read_primary_sensor
                0x0000000008003890       0x80 Src/DS18B20/ds18b20.o
                0x0000000008003890                ds18b20_read_primary_sensor
 .text.EE_FindValidPage
                0x0000000008003910       0x50 Src/EEPROM/EEPROM.o
 .text.EE_VerifyPageFullWriteVariable
                0x0000000008003960       0x5c Src/EEPROM/EEPROM.o
 .text.EE_ReadVariable
                0x00000000080039bc       0x44 Src/EEPROM/EEPROM.o
                0x00000000080039bc                EE_ReadVariable
 .text.EE_PageTransfer
                0x0000000008003a00       0xc8 Src/EEPROM/EEPROM.o
 .text.EE_WriteVariable
                0x0000000008003ac8       0x1a Src/EEPROM/EEPROM.o
                0x0000000008003ac8                EE_WriteVariable
 *fill*         0x0000000008003ae2        0x2 
 .text.rom_refresh
                0x0000000008003ae4       0x24 Src/EEPROM/rom.o
                0x0000000008003ae4                rom_refresh
 .text.rom_wite_mem1_data
                0x0000000008003b08       0x40 Src/EEPROM/rom.o
                0x0000000008003b08                rom_wite_mem1_data
 .text.rom_wite_mem2_data
                0x0000000008003b48       0x40 Src/EEPROM/rom.o
                0x0000000008003b48                rom_wite_mem2_data
 .text.rom_wite_mem3_data
                0x0000000008003b88       0x40 Src/EEPROM/rom.o
                0x0000000008003b88                rom_wite_mem3_data
 .text.rom_wite_PID_data
                0x0000000008003bc8       0x28 Src/EEPROM/rom.o
                0x0000000008003bc8                rom_wite_PID_data
 .text.rom_value_init
                0x0000000008003bf0       0x94 Src/EEPROM/rom.o
                0x0000000008003bf0                rom_value_init
 .text.rom_wite_new_set_data
                0x0000000008003c84       0x70 Src/EEPROM/rom.o
                0x0000000008003c84                rom_wite_new_set_data
 .text.rom_get_temp
                0x0000000008003cf4       0x58 Src/EEPROM/rom.o
                0x0000000008003cf4                rom_get_temp
 .text.rom_get_time_hours
                0x0000000008003d4c       0x48 Src/EEPROM/rom.o
                0x0000000008003d4c                rom_get_time_hours
 .text.rom_get_time_minutes
                0x0000000008003d94       0x5c Src/EEPROM/rom.o
                0x0000000008003d94                rom_get_time_minutes
 .text.rom_mem2_exec
                0x0000000008003df0       0x38 Src/EEPROM/rom.o
                0x0000000008003df0                rom_mem2_exec
 .text.rom_mem3_exec
                0x0000000008003e28       0x4c Src/EEPROM/rom.o
                0x0000000008003e28                rom_mem3_exec
 .text.LCD_Data_Bus_Input
                0x0000000008003e74       0x1c Src/HD44780/HD44780.o
                0x0000000008003e74                LCD_Data_Bus_Input
 .text.LCD_Data_Bus_Output
                0x0000000008003e90       0x1c Src/HD44780/HD44780.o
                0x0000000008003e90                LCD_Data_Bus_Output
 .text._LCD_Send_Half
                0x0000000008003eac       0x3c Src/HD44780/HD44780.o
                0x0000000008003eac                _LCD_Send_Half
 .text._LCD_Write
                0x0000000008003ee8       0x24 Src/HD44780/HD44780.o
                0x0000000008003ee8                _LCD_Write
 .text._LCD_Read_Half
                0x0000000008003f0c       0x30 Src/HD44780/HD44780.o
                0x0000000008003f0c                _LCD_Read_Half
 .text._LCD_Read
                0x0000000008003f3c       0x38 Src/HD44780/HD44780.o
                0x0000000008003f3c                _LCD_Read
 .text.LCD_ReadStatus
                0x0000000008003f74       0x1c Src/HD44780/HD44780.o
                0x0000000008003f74                LCD_ReadStatus
 .text.LCD_WriteCommand
                0x0000000008003f90       0x28 Src/HD44780/HD44780.o
                0x0000000008003f90                LCD_WriteCommand
 .text.LCD_WriteData
                0x0000000008003fb8       0x1c Src/HD44780/HD44780.o
                0x0000000008003fb8                LCD_WriteData
 .text.LCD_GoTo
                0x0000000008003fd4       0x14 Src/HD44780/HD44780.o
                0x0000000008003fd4                LCD_GoTo
 .text.LCD_Initalize
                0x0000000008003fe8       0xd8 Src/HD44780/HD44780.o
                0x0000000008003fe8                LCD_Initalize
 .text.lcd_buf_go_to
                0x00000000080040c0       0x14 Src/HD44780/HD44780.o
                0x00000000080040c0                lcd_buf_go_to
 .text.lcd_char
                0x00000000080040d4       0x2c Src/HD44780/HD44780.o
                0x00000000080040d4                lcd_char
 .text.lcd_buf_clear
                0x0000000008004100       0x2c Src/HD44780/HD44780.o
                0x0000000008004100                lcd_buf_clear
 .text.lcd_buf_write_text
                0x000000000800412c       0x3c Src/HD44780/HD44780.o
                0x000000000800412c                lcd_buf_write_text
 .text.lcd_circle_bufer_refresh
                0x0000000008004168       0x54 Src/HD44780/HD44780.o
                0x0000000008004168                lcd_circle_bufer_refresh
 .text.search_temperature_from_pattern
                0x00000000080041bc       0x34 Src/NTC/ntc.o
                0x00000000080041bc                search_temperature_from_pattern
 .text.ntc_analog_sensors_calc
                0x00000000080041f0       0xbc Src/NTC/ntc.o
                0x00000000080041f0                ntc_analog_sensors_calc
 .text.ntc_init
                0x00000000080042ac       0x88 Src/NTC/ntc.o
                0x00000000080042ac                ntc_init
 .text.ntc_handler
                0x0000000008004334       0x78 Src/NTC/ntc.o
                0x0000000008004334                ntc_handler
 .text.ntc_convert_float_to_string
                0x00000000080043ac       0xdc Src/NTC/ntc.o
                0x00000000080043ac                ntc_convert_float_to_string
 .text.tc_init  0x0000000008004488       0x14 Src/TIME_COUNTER/time_counter.o
                0x0000000008004488                tc_init
 .text.tc_set_counter
                0x000000000800449c       0x10 Src/TIME_COUNTER/time_counter.o
                0x000000000800449c                tc_set_counter
 .text.tc_run_downcounter
                0x00000000080044ac       0x18 Src/TIME_COUNTER/time_counter.o
                0x00000000080044ac                tc_run_downcounter
 .text.end_tc_down_counter_event
                0x00000000080044c4       0x3c Src/TIME_COUNTER/time_counter.o
                0x00000000080044c4                end_tc_down_counter_event
 .text.tc_down_counter
                0x0000000008004500       0x60 Src/TIME_COUNTER/time_counter.o
                0x0000000008004500                tc_down_counter
 .text.tc_get_countdown_string
                0x0000000008004560       0x70 Src/TIME_COUNTER/time_counter.o
                0x0000000008004560                tc_get_countdown_string
 .text.tc_set_dc_flag
                0x00000000080045d0        0xc Src/TIME_COUNTER/time_counter.o
                0x00000000080045d0                tc_set_dc_flag
 .text.tc_get_status
                0x00000000080045dc        0xc Src/TIME_COUNTER/time_counter.o
                0x00000000080045dc                tc_get_status
 .text.tc_set_mode
                0x00000000080045e8        0xc Src/TIME_COUNTER/time_counter.o
                0x00000000080045e8                tc_set_mode
 .text.tc_interrupted_end
                0x00000000080045f4       0x14 Src/TIME_COUNTER/time_counter.o
                0x00000000080045f4                tc_interrupted_end
 .text.sequance_callback
                0x0000000008004608        0x2 Src/UI/UI.o
                0x0000000008004608                sequance_callback
 *fill*         0x000000000800460a        0x2 
 .text.infinite_heating_callback
                0x000000000800460c       0x14 Src/UI/UI.o
                0x000000000800460c                infinite_heating_callback
 .text.heat_event
                0x0000000008004620       0x64 Src/UI/UI.o
                0x0000000008004620                heat_event
 .text.mem1_callback
                0x0000000008004684       0x30 Src/UI/UI.o
                0x0000000008004684                mem1_callback
 .text.program_event
                0x00000000080046b4       0x1c Src/UI/UI.o
                0x00000000080046b4                program_event
 .text.ui_refresh_memory_data
                0x00000000080046d0       0x88 Src/UI/UI.o
                0x00000000080046d0                ui_refresh_memory_data
 .text.program_callback
                0x0000000008004758       0x4c Src/UI/UI.o
                0x0000000008004758                program_callback
 .text.mem2_callback
                0x00000000080047a4       0x50 Src/UI/UI.o
                0x00000000080047a4                mem2_callback
 .text.mem3_callback
                0x00000000080047f4       0x50 Src/UI/UI.o
                0x00000000080047f4                mem3_callback
 .text.ui_button_handler
                0x0000000008004844       0x18 Src/UI/UI.o
                0x0000000008004844                ui_button_handler
 .text.convert_time_to_str
                0x000000000800485c       0x54 Src/UI/UI.o
                0x000000000800485c                convert_time_to_str
 .text.convert_temp_to_str
                0x00000000080048b0       0x68 Src/UI/UI.o
                0x00000000080048b0                convert_temp_to_str
 .text.menu_refresh
                0x0000000008004918       0xd4 Src/UI/UI.o
                0x0000000008004918                menu_refresh
 .text.ui_set_time_callback
                0x00000000080049ec       0x14 Src/UI/UI.o
                0x00000000080049ec                ui_set_time_callback
 .text.ui_set_temp_callback
                0x0000000008004a00       0x14 Src/UI/UI.o
                0x0000000008004a00                ui_set_temp_callback
 .text.ui_time_save_and_exit
                0x0000000008004a14       0x14 Src/UI/UI.o
                0x0000000008004a14                ui_time_save_and_exit
 .text.ui_time_exit_witout_save
                0x0000000008004a28       0x14 Src/UI/UI.o
                0x0000000008004a28                ui_time_exit_witout_save
 .text.ui_temp_save_and_exit
                0x0000000008004a3c       0x14 Src/UI/UI.o
                0x0000000008004a3c                ui_temp_save_and_exit
 .text.ui_temp_exit_witout_save
                0x0000000008004a50       0x14 Src/UI/UI.o
                0x0000000008004a50                ui_temp_exit_witout_save
 .text.ui_time_plus
                0x0000000008004a64       0x40 Src/UI/UI.o
                0x0000000008004a64                ui_time_plus
 .text.ui_time_minus
                0x0000000008004aa4       0x40 Src/UI/UI.o
                0x0000000008004aa4                ui_time_minus
 .text.set_time_button_event
                0x0000000008004ae4       0x26 Src/UI/UI.o
                0x0000000008004ae4                set_time_button_event
 *fill*         0x0000000008004b0a        0x6 
 .text.ui_temp_plus
                0x0000000008004b10       0x40 Src/UI/UI.o
                0x0000000008004b10                ui_temp_plus
 .text.ui_temp_minus
                0x0000000008004b50       0x44 Src/UI/UI.o
                0x0000000008004b50                ui_temp_minus
 .text.set_temp_button_event
                0x0000000008004b94       0x26 Src/UI/UI.o
                0x0000000008004b94                set_temp_button_event
 *fill*         0x0000000008004bba        0x2 
 .text.menu_get_index
                0x0000000008004bbc       0x20 Src/UI/UI.o
                0x0000000008004bbc                menu_get_index
 .text.ui_menu_next
                0x0000000008004bdc       0x3c Src/UI/UI.o
                0x0000000008004bdc                ui_menu_next
 .text.ui_menu_prev
                0x0000000008004c18       0x50 Src/UI/UI.o
                0x0000000008004c18                ui_menu_prev
 .text.menu_get_level
                0x0000000008004c68       0x1a Src/UI/UI.o
                0x0000000008004c68                menu_get_level
 *fill*         0x0000000008004c82        0x2 
 .text.ui_menu_enter
                0x0000000008004c84       0x5c Src/UI/UI.o
                0x0000000008004c84                ui_menu_enter
 .text.ui_menu_back
                0x0000000008004ce0       0x54 Src/UI/UI.o
                0x0000000008004ce0                ui_menu_back
 .text.menu_button_event
                0x0000000008004d34       0x26 Src/UI/UI.o
                0x0000000008004d34                menu_button_event
 *fill*         0x0000000008004d5a        0x2 
 .text.iu_button_hold_handler
                0x0000000008004d5c      0x110 Src/UI/UI.o
                0x0000000008004d5c                iu_button_hold_handler
 .text.iu_time_handler
                0x0000000008004e6c       0xf4 Src/UI/UI.o
                0x0000000008004e6c                iu_time_handler
 .text.ui_handler
                0x0000000008004f60       0x2c Src/UI/UI.o
                0x0000000008004f60                ui_handler
 .text.build_menu
                0x0000000008004f8c       0x32 Src/UI/UI.o
                0x0000000008004f8c                build_menu
 *fill*         0x0000000008004fbe        0x2 
 .text.ui_populate_with_rom_data
                0x0000000008004fc0      0x668 Src/UI/UI.o
                0x0000000008004fc0                ui_populate_with_rom_data
 .text.ui_get_primary_temperature
                0x0000000008005628       0x18 Src/UI/UI.o
                0x0000000008005628                ui_get_primary_temperature
 .text.ui_return_to_menu
                0x0000000008005640       0x14 Src/UI/UI.o
                0x0000000008005640                ui_return_to_menu
 .text.progress_bar_display
                0x0000000008005654       0xbc Src/UI/UI.o
                0x0000000008005654                progress_bar_display
 .text.infinite_set_display
                0x0000000008005710       0x4c Src/UI/infinite_heater.o
                0x0000000008005710                infinite_set_display
 .text.exit_confirmation_display
                0x000000000800575c       0x20 Src/UI/infinite_heater.o
                0x000000000800575c                exit_confirmation_display
 .text.set_point_display
                0x000000000800577c       0x54 Src/UI/infinite_heater.o
                0x000000000800577c                set_point_display
 .text.exit_ih  0x00000000080057d0        0xa Src/UI/infinite_heater.o
                0x00000000080057d0                exit_ih
 *fill*         0x00000000080057da        0x2 
 .text.populte_exec
                0x00000000080057dc       0x18 Src/UI/infinite_heater.o
                0x00000000080057dc                populte_exec
 .text.infinite_heater_populate_table
                0x00000000080057f4       0xdc Src/UI/infinite_heater.o
                0x00000000080057f4                infinite_heater_populate_table
 .text.infinite_heater_handler
                0x00000000080058d0       0x54 Src/UI/infinite_heater.o
                0x00000000080058d0                infinite_heater_handler
 .text.program_exit_confirmation_display
                0x0000000008005924       0x20 Src/UI/program_and_memory.o
                0x0000000008005924                program_exit_confirmation_display
 .text.program_countdown_timer_end
                0x0000000008005944       0x20 Src/UI/program_and_memory.o
                0x0000000008005944                program_countdown_timer_end
 .text.program_set_point_display
                0x0000000008005964       0x54 Src/UI/program_and_memory.o
                0x0000000008005964                program_set_point_display
 .text.program_countdown_timer_display
                0x00000000080059b8       0x28 Src/UI/program_and_memory.o
                0x00000000080059b8                program_countdown_timer_display
 .text.program_run_display
                0x00000000080059e0       0x80 Src/UI/program_and_memory.o
                0x00000000080059e0                program_run_display
 .text.exit_pm  0x0000000008005a60        0xe Src/UI/program_and_memory.o
                0x0000000008005a60                exit_pm
 *fill*         0x0000000008005a6e        0x2 
 .text.populte_pm
                0x0000000008005a70       0x18 Src/UI/program_and_memory.o
                0x0000000008005a70                populte_pm
 .text.program_mode_populate_table
                0x0000000008005a88      0x124 Src/UI/program_and_memory.o
                0x0000000008005a88                program_mode_populate_table
 .text.program_mode_handler
                0x0000000008005bac       0x54 Src/UI/program_and_memory.o
                0x0000000008005bac                program_mode_handler
 .text.MX_GPIO_Init
                0x0000000008005c00      0x124 Src/main.o
 .text.MX_ADC1_Init
                0x0000000008005d24       0xe4 Src/main.o
 .text.MX_SPI2_Init
                0x0000000008005e08       0x38 Src/main.o
 .text.MX_TIM1_Init
                0x0000000008005e40       0xb8 Src/main.o
 .text.MX_USART3_UART_Init
                0x0000000008005ef8       0x2c Src/main.o
 .text.SystemClock_Config
                0x0000000008005f24       0x68 Src/main.o
                0x0000000008005f24                SystemClock_Config
 .text.main     0x0000000008005f8c       0x78 Src/main.o
                0x0000000008005f8c                main
 .text.HAL_MspInit
                0x0000000008006004       0x44 Src/stm32f1xx_hal_msp.o
                0x0000000008006004                HAL_MspInit
 .text.HAL_ADC_MspInit
                0x0000000008006048       0x70 Src/stm32f1xx_hal_msp.o
                0x0000000008006048                HAL_ADC_MspInit
 .text.HAL_SPI_MspInit
                0x00000000080060b8       0x78 Src/stm32f1xx_hal_msp.o
                0x00000000080060b8                HAL_SPI_MspInit
 .text.HAL_TIM_Base_MspInit
                0x0000000008006130       0x50 Src/stm32f1xx_hal_msp.o
                0x0000000008006130                HAL_TIM_Base_MspInit
 .text.HAL_UART_MspInit
                0x0000000008006180       0x88 Src/stm32f1xx_hal_msp.o
                0x0000000008006180                HAL_UART_MspInit
 .text.NMI_Handler
                0x0000000008006208        0x2 Src/stm32f1xx_it.o
                0x0000000008006208                NMI_Handler
 .text.HardFault_Handler
                0x000000000800620a        0x2 Src/stm32f1xx_it.o
                0x000000000800620a                HardFault_Handler
 .text.MemManage_Handler
                0x000000000800620c        0x2 Src/stm32f1xx_it.o
                0x000000000800620c                MemManage_Handler
 .text.BusFault_Handler
                0x000000000800620e        0x2 Src/stm32f1xx_it.o
                0x000000000800620e                BusFault_Handler
 .text.UsageFault_Handler
                0x0000000008006210        0x2 Src/stm32f1xx_it.o
                0x0000000008006210                UsageFault_Handler
 .text.SVC_Handler
                0x0000000008006212        0x2 Src/stm32f1xx_it.o
                0x0000000008006212                SVC_Handler
 .text.DebugMon_Handler
                0x0000000008006214        0x2 Src/stm32f1xx_it.o
                0x0000000008006214                DebugMon_Handler
 .text.PendSV_Handler
                0x0000000008006216        0x2 Src/stm32f1xx_it.o
                0x0000000008006216                PendSV_Handler
 .text.SysTick_Handler
                0x0000000008006218       0x3c Src/stm32f1xx_it.o
                0x0000000008006218                SysTick_Handler
 .text.ADC1_2_IRQHandler
                0x0000000008006254       0x10 Src/stm32f1xx_it.o
                0x0000000008006254                ADC1_2_IRQHandler
 .text.EXTI9_5_IRQHandler
                0x0000000008006264       0x64 Src/stm32f1xx_it.o
                0x0000000008006264                EXTI9_5_IRQHandler
 .text.TIM1_UP_IRQHandler
                0x00000000080062c8       0x1c Src/stm32f1xx_it.o
                0x00000000080062c8                TIM1_UP_IRQHandler
 .text.TIM1_CC_IRQHandler
                0x00000000080062e4       0x3c Src/stm32f1xx_it.o
                0x00000000080062e4                TIM1_CC_IRQHandler
 .text.USART3_IRQHandler
                0x0000000008006320       0x10 Src/stm32f1xx_it.o
                0x0000000008006320                USART3_IRQHandler
 .text.EXTI15_10_IRQHandler
                0x0000000008006330       0x70 Src/stm32f1xx_it.o
                0x0000000008006330                EXTI15_10_IRQHandler
 .text.SystemInit
                0x00000000080063a0       0x4c Src/system_stm32f1xx.o
                0x00000000080063a0                SystemInit
 .text.Reset_Handler
                0x00000000080063ec       0x48 Startup/startup_stm32f103c8tx.o
                0x00000000080063ec                Reset_Handler
 .text.Default_Handler
                0x0000000008006434        0x2 Startup/startup_stm32f103c8tx.o
                0x0000000008006434                RTC_Alarm_IRQHandler
                0x0000000008006434                EXTI2_IRQHandler
                0x0000000008006434                PVD_IRQHandler
                0x0000000008006434                EXTI3_IRQHandler
                0x0000000008006434                EXTI0_IRQHandler
                0x0000000008006434                I2C2_EV_IRQHandler
                0x0000000008006434                SPI1_IRQHandler
                0x0000000008006434                TAMPER_IRQHandler
                0x0000000008006434                DMA1_Channel4_IRQHandler
                0x0000000008006434                RTC_IRQHandler
                0x0000000008006434                DMA1_Channel7_IRQHandler
                0x0000000008006434                CAN1_RX1_IRQHandler
                0x0000000008006434                TIM4_IRQHandler
                0x0000000008006434                I2C1_EV_IRQHandler
                0x0000000008006434                DMA1_Channel6_IRQHandler
                0x0000000008006434                TIM3_IRQHandler
                0x0000000008006434                RCC_IRQHandler
                0x0000000008006434                TIM1_TRG_COM_IRQHandler
                0x0000000008006434                DMA1_Channel1_IRQHandler
                0x0000000008006434                Default_Handler
                0x0000000008006434                SPI2_IRQHandler
                0x0000000008006434                DMA1_Channel5_IRQHandler
                0x0000000008006434                EXTI4_IRQHandler
                0x0000000008006434                USB_LP_CAN1_RX0_IRQHandler
                0x0000000008006434                USB_HP_CAN1_TX_IRQHandler
                0x0000000008006434                DMA1_Channel3_IRQHandler
                0x0000000008006434                WWDG_IRQHandler
                0x0000000008006434                TIM2_IRQHandler
                0x0000000008006434                TIM1_BRK_IRQHandler
                0x0000000008006434                EXTI1_IRQHandler
                0x0000000008006434                USART2_IRQHandler
                0x0000000008006434                I2C2_ER_IRQHandler
                0x0000000008006434                DMA1_Channel2_IRQHandler
                0x0000000008006434                CAN1_SCE_IRQHandler
                0x0000000008006434                FLASH_IRQHandler
                0x0000000008006434                USART1_IRQHandler
                0x0000000008006434                I2C1_ER_IRQHandler
                0x0000000008006434                USBWakeUp_IRQHandler
 *fill*         0x0000000008006436        0x2 
 .text.__libc_init_array
                0x0000000008006438       0x48 c:/st/stm32cubeide_1.3.0/stm32cubeide/plugins/com.st.stm32cube.ide.mcu.externaltools.gnu-tools-for-stm32.7-2018-q2-update.win32_1.0.0.201904181610/tools/bin/../lib/gcc/arm-none-eabi/7.3.1/../../../../arm-none-eabi/lib/thumb/v7-m\libc.a(lib_a-init.o)
                0x0000000008006438                __libc_init_array
 .text.memset   0x0000000008006480       0x10 c:/st/stm32cubeide_1.3.0/stm32cubeide/plugins/com.st.stm32cube.ide.mcu.externaltools.gnu-tools-for-stm32.7-2018-q2-update.win32_1.0.0.201904181610/tools/bin/../lib/gcc/arm-none-eabi/7.3.1/../../../../arm-none-eabi/lib/thumb/v7-m\libc.a(lib_a-memset.o)
                0x0000000008006480                memset
 .text.startup.register_fini
                0x0000000008006490       0x14 c:/st/stm32cubeide_1.3.0/stm32cubeide/plugins/com.st.stm32cube.ide.mcu.externaltools.gnu-tools-for-stm32.7-2018-q2-update.win32_1.0.0.201904181610/tools/bin/../lib/gcc/arm-none-eabi/7.3.1/../../../../arm-none-eabi/lib/thumb/v7-m\libc.a(lib_a-__call_atexit.o)
 .text.atexit   0x00000000080064a4        0xc c:/st/stm32cubeide_1.3.0/stm32cubeide/plugins/com.st.stm32cube.ide.mcu.externaltools.gnu-tools-for-stm32.7-2018-q2-update.win32_1.0.0.201904181610/tools/bin/../lib/gcc/arm-none-eabi/7.3.1/../../../../arm-none-eabi/lib/thumb/v7-m\libc.a(lib_a-atexit.o)
                0x00000000080064a4                atexit
 .text.__libc_fini_array
                0x00000000080064b0       0x28 c:/st/stm32cubeide_1.3.0/stm32cubeide/plugins/com.st.stm32cube.ide.mcu.externaltools.gnu-tools-for-stm32.7-2018-q2-update.win32_1.0.0.201904181610/tools/bin/../lib/gcc/arm-none-eabi/7.3.1/../../../../arm-none-eabi/lib/thumb/v7-m\libc.a(lib_a-fini.o)
                0x00000000080064b0                __libc_fini_array
 .text.__retarget_lock_acquire_recursive
                0x00000000080064d8        0x2 c:/st/stm32cubeide_1.3.0/stm32cubeide/plugins/com.st.stm32cube.ide.mcu.externaltools.gnu-tools-for-stm32.7-2018-q2-update.win32_1.0.0.201904181610/tools/bin/../lib/gcc/arm-none-eabi/7.3.1/../../../../arm-none-eabi/lib/thumb/v7-m\libc.a(lib_a-lock.o)
                0x00000000080064d8                __retarget_lock_acquire_recursive
 .text.__retarget_lock_release_recursive
                0x00000000080064da        0x2 c:/st/stm32cubeide_1.3.0/stm32cubeide/plugins/com.st.stm32cube.ide.mcu.externaltools.gnu-tools-for-stm32.7-2018-q2-update.win32_1.0.0.201904181610/tools/bin/../lib/gcc/arm-none-eabi/7.3.1/../../../../arm-none-eabi/lib/thumb/v7-m\libc.a(lib_a-lock.o)
                0x00000000080064da                __retarget_lock_release_recursive
 .text.__register_exitproc
                0x00000000080064dc       0xac c:/st/stm32cubeide_1.3.0/stm32cubeide/plugins/com.st.stm32cube.ide.mcu.externaltools.gnu-tools-for-stm32.7-2018-q2-update.win32_1.0.0.201904181610/tools/bin/../lib/gcc/arm-none-eabi/7.3.1/../../../../arm-none-eabi/lib/thumb/v7-m\libc.a(lib_a-__atexit.o)
                0x00000000080064dc                __register_exitproc
 *(.glue_7)
 .glue_7        0x0000000008006588        0x0 linker stubs
 *(.glue_7t)
 .glue_7t       0x0000000008006588        0x0 linker stubs
 *(.eh_frame)
 .eh_frame      0x0000000008006588        0x0 c:/st/stm32cubeide_1.3.0/stm32cubeide/plugins/com.st.stm32cube.ide.mcu.externaltools.gnu-tools-for-stm32.7-2018-q2-update.win32_1.0.0.201904181610/tools/bin/../lib/gcc/arm-none-eabi/7.3.1/thumb/v7-m/crtbegin.o
 *(.init)
 .init          0x0000000008006588        0x4 c:/st/stm32cubeide_1.3.0/stm32cubeide/plugins/com.st.stm32cube.ide.mcu.externaltools.gnu-tools-for-stm32.7-2018-q2-update.win32_1.0.0.201904181610/tools/bin/../lib/gcc/arm-none-eabi/7.3.1/thumb/v7-m/crti.o
                0x0000000008006588                _init
 .init          0x000000000800658c        0x8 c:/st/stm32cubeide_1.3.0/stm32cubeide/plugins/com.st.stm32cube.ide.mcu.externaltools.gnu-tools-for-stm32.7-2018-q2-update.win32_1.0.0.201904181610/tools/bin/../lib/gcc/arm-none-eabi/7.3.1/thumb/v7-m/crtn.o
 *(.fini)
 .fini          0x0000000008006594        0x4 c:/st/stm32cubeide_1.3.0/stm32cubeide/plugins/com.st.stm32cube.ide.mcu.externaltools.gnu-tools-for-stm32.7-2018-q2-update.win32_1.0.0.201904181610/tools/bin/../lib/gcc/arm-none-eabi/7.3.1/thumb/v7-m/crti.o
                0x0000000008006594                _fini
 .fini          0x0000000008006598        0x8 c:/st/stm32cubeide_1.3.0/stm32cubeide/plugins/com.st.stm32cube.ide.mcu.externaltools.gnu-tools-for-stm32.7-2018-q2-update.win32_1.0.0.201904181610/tools/bin/../lib/gcc/arm-none-eabi/7.3.1/thumb/v7-m/crtn.o
                0x00000000080065a0                . = ALIGN (0x4)
                0x00000000080065a0                _etext = .

.vfp11_veneer   0x00000000080065a0        0x0
 .vfp11_veneer  0x00000000080065a0        0x0 linker stubs

.v4_bx          0x00000000080065a0        0x0
 .v4_bx         0x00000000080065a0        0x0 linker stubs

.iplt           0x00000000080065a0        0x0
 .iplt          0x00000000080065a0        0x0 c:/st/stm32cubeide_1.3.0/stm32cubeide/plugins/com.st.stm32cube.ide.mcu.externaltools.gnu-tools-for-stm32.7-2018-q2-update.win32_1.0.0.201904181610/tools/bin/../lib/gcc/arm-none-eabi/7.3.1/thumb/v7-m/crtbegin.o

.rodata         0x00000000080065a0      0xee8
                0x00000000080065a0                . = ALIGN (0x4)
 *(.rodata)
 .rodata        0x00000000080065a0       0x12 Drivers/STM32F1xx_HAL_Driver/Src/stm32f1xx_hal_rcc.o
 *fill*         0x00000000080065b2        0x2 
 .rodata        0x00000000080065b4       0x12 Drivers/STM32F1xx_HAL_Driver/Src/stm32f1xx_hal_rcc_ex.o
 *(.rodata*)
 *fill*         0x00000000080065c6        0x2 
 .rodata.custom_font_pattern
                0x00000000080065c8       0x40 Src/HD44780/HD44780.o
                0x00000000080065c8                custom_font_pattern
 .rodata.NTC_BEATA3984
                0x0000000008006608      0xc80 Src/NTC/ntc.o
                0x0000000008006608                NTC_BEATA3984
 .rodata.ui_populate_with_rom_data.str1.4
                0x0000000008007288      0x1d4 Src/UI/UI.o
 .rodata.infinite_set_display.str1.4
                0x000000000800745c        0xe Src/UI/infinite_heater.o
 .rodata.program_run_display.str1.4
                0x000000000800745c       0x10 Src/UI/program_and_memory.o
                                          0xd (size before relaxing)
 .rodata.AHBPrescTable
                0x000000000800746c       0x10 Src/system_stm32f1xx.o
                0x000000000800746c                AHBPrescTable
 .rodata.APBPrescTable
                0x000000000800747c        0x8 Src/system_stm32f1xx.o
                0x000000000800747c                APBPrescTable
 .rodata._global_impure_ptr
                0x0000000008007484        0x4 c:/st/stm32cubeide_1.3.0/stm32cubeide/plugins/com.st.stm32cube.ide.mcu.externaltools.gnu-tools-for-stm32.7-2018-q2-update.win32_1.0.0.201904181610/tools/bin/../lib/gcc/arm-none-eabi/7.3.1/../../../../arm-none-eabi/lib/thumb/v7-m\libc.a(lib_a-impure.o)
                0x0000000008007484                _global_impure_ptr
                0x0000000008007488                . = ALIGN (0x4)

.rel.dyn        0x0000000008007488        0x0
 .rel.iplt      0x0000000008007488        0x0 c:/st/stm32cubeide_1.3.0/stm32cubeide/plugins/com.st.stm32cube.ide.mcu.externaltools.gnu-tools-for-stm32.7-2018-q2-update.win32_1.0.0.201904181610/tools/bin/../lib/gcc/arm-none-eabi/7.3.1/thumb/v7-m/crtbegin.o

.ARM.extab      0x0000000008007488        0x0
                0x0000000008007488                . = ALIGN (0x4)
 *(.ARM.extab* .gnu.linkonce.armextab.*)
                0x0000000008007488                . = ALIGN (0x4)

.ARM            0x0000000008007488        0x0
                0x0000000008007488                . = ALIGN (0x4)
                0x0000000008007488                __exidx_start = .
 *(.ARM.exidx*)
                0x0000000008007488                __exidx_end = .
                0x0000000008007488                . = ALIGN (0x4)

.preinit_array  0x0000000008007488        0x0
                0x0000000008007488                . = ALIGN (0x4)
                0x0000000008007488                PROVIDE (__preinit_array_start = .)
 *(.preinit_array*)
                0x0000000008007488                PROVIDE (__preinit_array_end = .)
                0x0000000008007488                . = ALIGN (0x4)

.init_array     0x0000000008007488        0x8
                0x0000000008007488                . = ALIGN (0x4)
                0x0000000008007488                PROVIDE (__init_array_start = .)
 *(SORT_BY_NAME(.init_array.*))
 .init_array.00000
                0x0000000008007488        0x4 c:/st/stm32cubeide_1.3.0/stm32cubeide/plugins/com.st.stm32cube.ide.mcu.externaltools.gnu-tools-for-stm32.7-2018-q2-update.win32_1.0.0.201904181610/tools/bin/../lib/gcc/arm-none-eabi/7.3.1/../../../../arm-none-eabi/lib/thumb/v7-m\libc.a(lib_a-__call_atexit.o)
 *(.init_array*)
 .init_array    0x000000000800748c        0x4 c:/st/stm32cubeide_1.3.0/stm32cubeide/plugins/com.st.stm32cube.ide.mcu.externaltools.gnu-tools-for-stm32.7-2018-q2-update.win32_1.0.0.201904181610/tools/bin/../lib/gcc/arm-none-eabi/7.3.1/thumb/v7-m/crtbegin.o
                0x0000000008007490                PROVIDE (__init_array_end = .)
                0x0000000008007490                . = ALIGN (0x4)

.fini_array     0x0000000008007490        0x4
                0x0000000008007490                . = ALIGN (0x4)
                0x0000000008007490                PROVIDE (__fini_array_start = .)
 *(SORT_BY_NAME(.fini_array.*))
 *(.fini_array*)
 .fini_array    0x0000000008007490        0x4 c:/st/stm32cubeide_1.3.0/stm32cubeide/plugins/com.st.stm32cube.ide.mcu.externaltools.gnu-tools-for-stm32.7-2018-q2-update.win32_1.0.0.201904181610/tools/bin/../lib/gcc/arm-none-eabi/7.3.1/thumb/v7-m/crtbegin.o
                0x0000000008007494                PROVIDE (__fini_array_end = .)
                0x0000000008007494                . = ALIGN (0x4)
                0x0000000008007494                _sidata = LOADADDR (.data)

.data           0x0000000020000000      0x49c load address 0x0000000008007494
                0x0000000020000000                . = ALIGN (0x4)
                0x0000000020000000                _sdata = .
 *(.data)
 *(.data*)
 .data.uwTickFreq
                0x0000000020000000        0x1 Drivers/STM32F1xx_HAL_Driver/Src/stm32f1xx_hal.o
                0x0000000020000000                uwTickFreq
 *fill*         0x0000000020000001        0x3 
 .data.uwTickPrio
                0x0000000020000004        0x4 Drivers/STM32F1xx_HAL_Driver/Src/stm32f1xx_hal.o
                0x0000000020000004                uwTickPrio
 .data.ACTUAL_TEMP
                0x0000000020000008        0x4 Src/UI/UI.o
                0x0000000020000008                ACTUAL_TEMP
 .data.CELCIUS_CHAR
                0x000000002000000c        0x1 Src/UI/UI.o
                0x000000002000000c                CELCIUS_CHAR
 *fill*         0x000000002000000d        0x3 
 .data.END_OF_TEMP
                0x0000000020000010        0x3 Src/UI/UI.o
                0x0000000020000010                END_OF_TEMP
 *fill*         0x0000000020000013        0x1 
 .data.END_TIME
                0x0000000020000014       0x13 Src/UI/UI.o
                0x0000000020000014                END_TIME
 *fill*         0x0000000020000027        0x1 
 .data.EXIT     0x0000000020000028       0x15 Src/UI/UI.o
                0x0000000020000028                EXIT
 *fill*         0x000000002000003d        0x3 
 .data.SET_TEMP
                0x0000000020000040        0xc Src/UI/UI.o
                0x0000000020000040                SET_TEMP
 .data.button_event
                0x000000002000004c       0x14 Src/UI/UI.o
                0x000000002000004c                button_event
 .data.currentPointer
                0x0000000020000060        0x4 Src/UI/UI.o
                0x0000000020000060                currentPointer
 .data.VirtAddVarTab
                0x0000000020000064        0x6 Src/main.o
                0x0000000020000064                VirtAddVarTab
 *fill*         0x000000002000006a        0x2 
 .data.SystemCoreClock
                0x000000002000006c        0x4 Src/system_stm32f1xx.o
                0x000000002000006c                SystemCoreClock
 .data.impure_data
                0x0000000020000070      0x428 c:/st/stm32cubeide_1.3.0/stm32cubeide/plugins/com.st.stm32cube.ide.mcu.externaltools.gnu-tools-for-stm32.7-2018-q2-update.win32_1.0.0.201904181610/tools/bin/../lib/gcc/arm-none-eabi/7.3.1/../../../../arm-none-eabi/lib/thumb/v7-m\libc.a(lib_a-impure.o)
 .data.__atexit_recursive_mutex
                0x0000000020000498        0x4 c:/st/stm32cubeide_1.3.0/stm32cubeide/plugins/com.st.stm32cube.ide.mcu.externaltools.gnu-tools-for-stm32.7-2018-q2-update.win32_1.0.0.201904181610/tools/bin/../lib/gcc/arm-none-eabi/7.3.1/../../../../arm-none-eabi/lib/thumb/v7-m\libc.a(lib_a-__call_atexit.o)
                0x0000000020000498                __atexit_recursive_mutex
                0x000000002000049c                . = ALIGN (0x4)
                0x000000002000049c                _edata = .

.igot.plt       0x000000002000049c        0x0 load address 0x0000000008007930
 .igot.plt      0x000000002000049c        0x0 c:/st/stm32cubeide_1.3.0/stm32cubeide/plugins/com.st.stm32cube.ide.mcu.externaltools.gnu-tools-for-stm32.7-2018-q2-update.win32_1.0.0.201904181610/tools/bin/../lib/gcc/arm-none-eabi/7.3.1/thumb/v7-m/crtbegin.o
                0x000000002000049c                . = ALIGN (0x4)

.bss            0x00000000200004a0      0xcf8 load address 0x0000000008007930
                0x00000000200004a0                _sbss = .
                0x00000000200004a0                __bss_start__ = _sbss
 *(.bss)
 .bss           0x00000000200004a0       0x1c c:/st/stm32cubeide_1.3.0/stm32cubeide/plugins/com.st.stm32cube.ide.mcu.externaltools.gnu-tools-for-stm32.7-2018-q2-update.win32_1.0.0.201904181610/tools/bin/../lib/gcc/arm-none-eabi/7.3.1/thumb/v7-m/crtbegin.o
 *(.bss*)
 .bss.ds18b20_sensors_amount
                0x00000000200004bc        0x1 Src/DS18B20/ds18b20.o
                0x00000000200004bc                ds18b20_sensors_amount
 *fill*         0x00000000200004bd        0x1 
 .bss.DataVar   0x00000000200004be        0x2 Src/EEPROM/EEPROM.o
                0x00000000200004be                DataVar
 .bss.write_buf_x_pos
                0x00000000200004c0        0x1 Src/HD44780/HD44780.o
                0x00000000200004c0                write_buf_x_pos
 .bss.write_buf_y_pos
                0x00000000200004c1        0x1 Src/HD44780/HD44780.o
                0x00000000200004c1                write_buf_y_pos
 .bss.xc.7359   0x00000000200004c2        0x1 Src/HD44780/HD44780.o
 .bss.yc.7360   0x00000000200004c3        0x1 Src/HD44780/HD44780.o
 .bss.asc_probe.7316
                0x00000000200004c4        0x3 Src/NTC/ntc.o
 .bss.button_event_handler
                0x00000000200004c7        0x1 Src/UI/UI.o
                0x00000000200004c7                button_event_handler
 .bss.button_hold_on_counter
                0x00000000200004c8        0x1 Src/UI/UI.o
                0x00000000200004c8                button_hold_on_counter
 .bss.button_hold_on_timer_divider.7654
                0x00000000200004c9        0x1 Src/UI/UI.o
 .bss.lcd_row_pos
                0x00000000200004ca        0x1 Src/UI/UI.o
                0x00000000200004ca                lcd_row_pos
 .bss.lcd_row_pos_level_1
                0x00000000200004cb        0x1 Src/UI/UI.o
                0x00000000200004cb                lcd_row_pos_level_1
 .bss.lcd_row_pos_level_2
                0x00000000200004cc        0x1 Src/UI/UI.o
                0x00000000200004cc                lcd_row_pos_level_2
 .bss.menu_index
                0x00000000200004cd        0x1 Src/UI/UI.o
                0x00000000200004cd                menu_index
 .bss.ms_handler_counter.7665
                0x00000000200004ce        0x2 Src/UI/UI.o
 .bss.ms_time_stamp.7664
                0x00000000200004d0        0x2 Src/UI/UI.o
 .bss.s_handler_counter.7666
                0x00000000200004d2        0x2 Src/UI/UI.o
 .bss.actual_state.7288
                0x00000000200004d4        0x1 Src/UI/infinite_heater.o
 .bss.callback_counter_mod4.7266
                0x00000000200004d5        0x1 Src/UI/infinite_heater.o
 .bss.actual_state.7295
                0x00000000200004d6        0x1 Src/UI/program_and_memory.o
 .bss.callback_counter_mod4.7268
                0x00000000200004d7        0x1 Src/UI/program_and_memory.o
 .bss.downcount_10ms_timer.7330
                0x00000000200004d8        0x1 Src/stm32f1xx_it.o
 *(COMMON)
 *fill*         0x00000000200004d9        0x3 
 COMMON         0x00000000200004dc        0x4 Drivers/STM32F1xx_HAL_Driver/Src/stm32f1xx_hal.o
                0x00000000200004dc                uwTick
 COMMON         0x00000000200004e0       0x20 Drivers/STM32F1xx_HAL_Driver/Src/stm32f1xx_hal_flash.o
                0x00000000200004e0                pFlash
 COMMON         0x0000000020000500      0x9f8 Src/DELEYS/delay.o
                0x0000000020000500                lcd_buf
                0x0000000020000528                HC_status
                0x0000000020000530                mem3Start
                0x0000000020000560                params
                0x0000000020000590                ntc_handler_flag
                0x0000000020000594                huart3
                0x00000000200005d8                seqTemp1
                0x0000000020000608                sPID
                0x0000000020000670                hdma1
                0x00000000200006b8                paramsDigital
                0x00000000200006e8                down_counter_flag
                0x00000000200006ec                lcd_buf_old
                0x0000000020000718                prog
                0x0000000020000748                ms_counter
                0x0000000020000750                seqTime3
                0x0000000020000780                htemp
                0x00000000200007b0                progTemp
                0x00000000200007e0                adc_value
                0x00000000200007e8                hstart
                0x0000000020000818                hadc1
                0x0000000020000848                mem1Time
                0x0000000020000878                paramsAnalog
                0x00000000200008a8                progTime
                0x00000000200008d8                mem2Time
                0x0000000020000908                mem2
                0x0000000020000938                progStart
                0x0000000020000968                as_pm_state_machine
                0x0000000020000a18                seqTemp2
                0x0000000020000a48                mem1Temp
                0x0000000020000a78                mem2Temp
                0x0000000020000aa8                mem
                0x0000000020000ad8                ds_handler_flag
                0x0000000020000ae0                mem1
                0x0000000020000b10                mem3Temp
                0x0000000020000b40                seqStart
                0x0000000020000b70                htim1
                0x0000000020000bb0                seq
                0x0000000020000be0                paramsFan
                0x0000000020000c10                time
                0x0000000020000c18                seqTime1
                0x0000000020000c48                paramsMat
                0x0000000020000c78                seqTime2
                0x0000000020000ca8                paramsPressure
                0x0000000020000cd8                heat
                0x0000000020000d08                paramsHumidity
                0x0000000020000d38                paramsPS
                0x0000000020000d68                mem2Start
                0x0000000020000d98                str_table
                0x0000000020000db0                mem3
                0x0000000020000de0                ui_handler_flag
                0x0000000020000de4                as_ih_state_machine
                0x0000000020000e68                seqTemp3
                0x0000000020000e98                mem1Start
                0x0000000020000ec8                mem3Time
 COMMON         0x0000000020000ef8      0x150 Src/DS18B20/ds18b20.o
                0x0000000020000ef8                scratchpad
                0x0000000020000f88                ds18b20_temperature
                0x0000000020000fc8                rom_address
 COMMON         0x0000000020001048       0x12 Src/EEPROM/rom.o
                0x0000000020001048                rom_mem
 *fill*         0x000000002000105a        0x2 
 COMMON         0x000000002000105c       0xc8 Src/NTC/ntc.o
                0x000000002000105c                ntc_analog_temp
 COMMON         0x0000000020001124       0x10 Src/UI/UI.o
                0x0000000020001124                time_string
                0x000000002000112c                temp_string
 COMMON         0x0000000020001134       0x58 Src/main.o
                0x0000000020001134                hspi2
 COMMON         0x000000002000118c        0x9 c:/st/stm32cubeide_1.3.0/stm32cubeide/plugins/com.st.stm32cube.ide.mcu.externaltools.gnu-tools-for-stm32.7-2018-q2-update.win32_1.0.0.201904181610/tools/bin/../lib/gcc/arm-none-eabi/7.3.1/../../../../arm-none-eabi/lib/thumb/v7-m\libc.a(lib_a-lock.o)
                0x000000002000118c                __lock___atexit_recursive_mutex
                0x000000002000118d                __lock___arc4random_mutex
                0x000000002000118e                __lock___env_recursive_mutex
                0x000000002000118f                __lock___sinit_recursive_mutex
                0x0000000020001190                __lock___malloc_recursive_mutex
                0x0000000020001191                __lock___at_quick_exit_mutex
                0x0000000020001192                __lock___dd_hash_mutex
                0x0000000020001193                __lock___tz_mutex
                0x0000000020001194                __lock___sfp_recursive_mutex
                0x0000000020001198                . = ALIGN (0x4)
 *fill*         0x0000000020001195        0x3 
                0x0000000020001198                _ebss = .
                0x0000000020001198                __bss_end__ = _ebss

._user_heap_stack
                0x0000000020001198     0x1000 load address 0x0000000008007930
                0x0000000020001198                . = ALIGN (0x8)
                0x0000000020001198                PROVIDE (end = .)
                [!provide]                        PROVIDE (_end = .)
                0x0000000020001998                . = (. + _Min_Heap_Size)
 *fill*         0x0000000020001198      0x800 
                0x0000000020002198                . = (. + _Min_Stack_Size)
 *fill*         0x0000000020001998      0x800 
                0x0000000020002198                . = ALIGN (0x8)

/DISCARD/
 libc.a(*)
 libm.a(*)
 libgcc.a(*)

.ARM.attributes
                0x0000000000000000       0x29
 *(.ARM.attributes)
 .ARM.attributes
                0x0000000000000000       0x1d c:/st/stm32cubeide_1.3.0/stm32cubeide/plugins/com.st.stm32cube.ide.mcu.externaltools.gnu-tools-for-stm32.7-2018-q2-update.win32_1.0.0.201904181610/tools/bin/../lib/gcc/arm-none-eabi/7.3.1/thumb/v7-m/crti.o
 .ARM.attributes
                0x000000000000001d       0x2d c:/st/stm32cubeide_1.3.0/stm32cubeide/plugins/com.st.stm32cube.ide.mcu.externaltools.gnu-tools-for-stm32.7-2018-q2-update.win32_1.0.0.201904181610/tools/bin/../lib/gcc/arm-none-eabi/7.3.1/thumb/v7-m/crtbegin.o
 .ARM.attributes
                0x000000000000004a       0x33 Drivers/STM32F1xx_HAL_Driver/Src/stm32f1xx_hal.o
 .ARM.attributes
                0x000000000000007d       0x33 Drivers/STM32F1xx_HAL_Driver/Src/stm32f1xx_hal_adc.o
 .ARM.attributes
                0x00000000000000b0       0x33 Drivers/STM32F1xx_HAL_Driver/Src/stm32f1xx_hal_adc_ex.o
 .ARM.attributes
                0x00000000000000e3       0x33 Drivers/STM32F1xx_HAL_Driver/Src/stm32f1xx_hal_cortex.o
 .ARM.attributes
                0x0000000000000116       0x33 Drivers/STM32F1xx_HAL_Driver/Src/stm32f1xx_hal_dma.o
 .ARM.attributes
                0x0000000000000149       0x33 Drivers/STM32F1xx_HAL_Driver/Src/stm32f1xx_hal_flash.o
 .ARM.attributes
                0x000000000000017c       0x33 Drivers/STM32F1xx_HAL_Driver/Src/stm32f1xx_hal_flash_ex.o
 .ARM.attributes
                0x00000000000001af       0x33 Drivers/STM32F1xx_HAL_Driver/Src/stm32f1xx_hal_gpio.o
 .ARM.attributes
                0x00000000000001e2       0x33 Drivers/STM32F1xx_HAL_Driver/Src/stm32f1xx_hal_rcc.o
 .ARM.attributes
                0x0000000000000215       0x33 Drivers/STM32F1xx_HAL_Driver/Src/stm32f1xx_hal_rcc_ex.o
 .ARM.attributes
                0x0000000000000248       0x33 Drivers/STM32F1xx_HAL_Driver/Src/stm32f1xx_hal_spi.o
 .ARM.attributes
                0x000000000000027b       0x33 Drivers/STM32F1xx_HAL_Driver/Src/stm32f1xx_hal_tim.o
 .ARM.attributes
                0x00000000000002ae       0x33 Drivers/STM32F1xx_HAL_Driver/Src/stm32f1xx_hal_tim_ex.o
 .ARM.attributes
                0x00000000000002e1       0x33 Drivers/STM32F1xx_HAL_Driver/Src/stm32f1xx_hal_uart.o
 .ARM.attributes
                0x0000000000000314       0x33 Src/DELEYS/delay.o
 .ARM.attributes
                0x0000000000000347       0x33 Src/DS18B20/crc8.o
 .ARM.attributes
                0x000000000000037a       0x33 Src/DS18B20/ds18b20.o
 .ARM.attributes
                0x00000000000003ad       0x33 Src/EEPROM/EEPROM.o
 .ARM.attributes
                0x00000000000003e0       0x33 Src/EEPROM/rom.o
 .ARM.attributes
                0x0000000000000413       0x33 Src/HD44780/HD44780.o
 .ARM.attributes
                0x0000000000000446       0x33 Src/NTC/ntc.o
 .ARM.attributes
                0x0000000000000479       0x33 Src/TIME_COUNTER/time_counter.o
 .ARM.attributes
                0x00000000000004ac       0x33 Src/UI/UI.o
 .ARM.attributes
                0x00000000000004df       0x33 Src/UI/infinite_heater.o
 .ARM.attributes
                0x0000000000000512       0x33 Src/UI/program_and_memory.o
 .ARM.attributes
                0x0000000000000545       0x33 Src/main.o
 .ARM.attributes
                0x0000000000000578       0x33 Src/stm32f1xx_hal_msp.o
 .ARM.attributes
                0x00000000000005ab       0x33 Src/stm32f1xx_it.o
 .ARM.attributes
                0x00000000000005de       0x33 Src/system_stm32f1xx.o
 .ARM.attributes
                0x0000000000000611       0x21 Startup/startup_stm32f103c8tx.o
 .ARM.attributes
                0x0000000000000632       0x2d c:/st/stm32cubeide_1.3.0/stm32cubeide/plugins/com.st.stm32cube.ide.mcu.externaltools.gnu-tools-for-stm32.7-2018-q2-update.win32_1.0.0.201904181610/tools/bin/../lib/gcc/arm-none-eabi/7.3.1/../../../../arm-none-eabi/lib/thumb/v7-m\libc.a(lib_a-impure.o)
 .ARM.attributes
                0x000000000000065f       0x2d c:/st/stm32cubeide_1.3.0/stm32cubeide/plugins/com.st.stm32cube.ide.mcu.externaltools.gnu-tools-for-stm32.7-2018-q2-update.win32_1.0.0.201904181610/tools/bin/../lib/gcc/arm-none-eabi/7.3.1/../../../../arm-none-eabi/lib/thumb/v7-m\libc.a(lib_a-init.o)
 .ARM.attributes
                0x000000000000068c       0x2d c:/st/stm32cubeide_1.3.0/stm32cubeide/plugins/com.st.stm32cube.ide.mcu.externaltools.gnu-tools-for-stm32.7-2018-q2-update.win32_1.0.0.201904181610/tools/bin/../lib/gcc/arm-none-eabi/7.3.1/../../../../arm-none-eabi/lib/thumb/v7-m\libc.a(lib_a-memset.o)
 .ARM.attributes
                0x00000000000006b9       0x2d c:/st/stm32cubeide_1.3.0/stm32cubeide/plugins/com.st.stm32cube.ide.mcu.externaltools.gnu-tools-for-stm32.7-2018-q2-update.win32_1.0.0.201904181610/tools/bin/../lib/gcc/arm-none-eabi/7.3.1/../../../../arm-none-eabi/lib/thumb/v7-m\libc.a(lib_a-__call_atexit.o)
 .ARM.attributes
                0x00000000000006e6       0x2d c:/st/stm32cubeide_1.3.0/stm32cubeide/plugins/com.st.stm32cube.ide.mcu.externaltools.gnu-tools-for-stm32.7-2018-q2-update.win32_1.0.0.201904181610/tools/bin/../lib/gcc/arm-none-eabi/7.3.1/../../../../arm-none-eabi/lib/thumb/v7-m\libc.a(lib_a-atexit.o)
 .ARM.attributes
                0x0000000000000713       0x2d c:/st/stm32cubeide_1.3.0/stm32cubeide/plugins/com.st.stm32cube.ide.mcu.externaltools.gnu-tools-for-stm32.7-2018-q2-update.win32_1.0.0.201904181610/tools/bin/../lib/gcc/arm-none-eabi/7.3.1/../../../../arm-none-eabi/lib/thumb/v7-m\libc.a(lib_a-fini.o)
 .ARM.attributes
                0x0000000000000740       0x2d c:/st/stm32cubeide_1.3.0/stm32cubeide/plugins/com.st.stm32cube.ide.mcu.externaltools.gnu-tools-for-stm32.7-2018-q2-update.win32_1.0.0.201904181610/tools/bin/../lib/gcc/arm-none-eabi/7.3.1/../../../../arm-none-eabi/lib/thumb/v7-m\libc.a(lib_a-lock.o)
 .ARM.attributes
                0x000000000000076d       0x2d c:/st/stm32cubeide_1.3.0/stm32cubeide/plugins/com.st.stm32cube.ide.mcu.externaltools.gnu-tools-for-stm32.7-2018-q2-update.win32_1.0.0.201904181610/tools/bin/../lib/gcc/arm-none-eabi/7.3.1/../../../../arm-none-eabi/lib/thumb/v7-m\libc.a(lib_a-__atexit.o)
 .ARM.attributes
                0x000000000000079a       0x1d c:/st/stm32cubeide_1.3.0/stm32cubeide/plugins/com.st.stm32cube.ide.mcu.externaltools.gnu-tools-for-stm32.7-2018-q2-update.win32_1.0.0.201904181610/tools/bin/../lib/gcc/arm-none-eabi/7.3.1/thumb/v7-m\libgcc.a(_arm_addsubdf3.o)
 .ARM.attributes
                0x00000000000007b7       0x1d c:/st/stm32cubeide_1.3.0/stm32cubeide/plugins/com.st.stm32cube.ide.mcu.externaltools.gnu-tools-for-stm32.7-2018-q2-update.win32_1.0.0.201904181610/tools/bin/../lib/gcc/arm-none-eabi/7.3.1/thumb/v7-m\libgcc.a(_arm_muldivdf3.o)
 .ARM.attributes
                0x00000000000007d4       0x1d c:/st/stm32cubeide_1.3.0/stm32cubeide/plugins/com.st.stm32cube.ide.mcu.externaltools.gnu-tools-for-stm32.7-2018-q2-update.win32_1.0.0.201904181610/tools/bin/../lib/gcc/arm-none-eabi/7.3.1/thumb/v7-m\libgcc.a(_arm_cmpdf2.o)
 .ARM.attributes
                0x00000000000007f1       0x1d c:/st/stm32cubeide_1.3.0/stm32cubeide/plugins/com.st.stm32cube.ide.mcu.externaltools.gnu-tools-for-stm32.7-2018-q2-update.win32_1.0.0.201904181610/tools/bin/../lib/gcc/arm-none-eabi/7.3.1/thumb/v7-m\libgcc.a(_arm_fixunsdfsi.o)
 .ARM.attributes
                0x000000000000080e       0x1d c:/st/stm32cubeide_1.3.0/stm32cubeide/plugins/com.st.stm32cube.ide.mcu.externaltools.gnu-tools-for-stm32.7-2018-q2-update.win32_1.0.0.201904181610/tools/bin/../lib/gcc/arm-none-eabi/7.3.1/thumb/v7-m\libgcc.a(_arm_truncdfsf2.o)
 .ARM.attributes
                0x000000000000082b       0x1d c:/st/stm32cubeide_1.3.0/stm32cubeide/plugins/com.st.stm32cube.ide.mcu.externaltools.gnu-tools-for-stm32.7-2018-q2-update.win32_1.0.0.201904181610/tools/bin/../lib/gcc/arm-none-eabi/7.3.1/thumb/v7-m\libgcc.a(_arm_addsubsf3.o)
 .ARM.attributes
                0x0000000000000848       0x1d c:/st/stm32cubeide_1.3.0/stm32cubeide/plugins/com.st.stm32cube.ide.mcu.externaltools.gnu-tools-for-stm32.7-2018-q2-update.win32_1.0.0.201904181610/tools/bin/../lib/gcc/arm-none-eabi/7.3.1/thumb/v7-m\libgcc.a(_arm_muldivsf3.o)
 .ARM.attributes
                0x0000000000000865       0x1d c:/st/stm32cubeide_1.3.0/stm32cubeide/plugins/com.st.stm32cube.ide.mcu.externaltools.gnu-tools-for-stm32.7-2018-q2-update.win32_1.0.0.201904181610/tools/bin/../lib/gcc/arm-none-eabi/7.3.1/thumb/v7-m\libgcc.a(_arm_cmpsf2.o)
 .ARM.attributes
                0x0000000000000882       0x1d c:/st/stm32cubeide_1.3.0/stm32cubeide/plugins/com.st.stm32cube.ide.mcu.externaltools.gnu-tools-for-stm32.7-2018-q2-update.win32_1.0.0.201904181610/tools/bin/../lib/gcc/arm-none-eabi/7.3.1/thumb/v7-m/crtn.o
OUTPUT(HEAT_CHMBR.elf elf32-littlearm)

.debug_info     0x0000000000000000    0x2a10d
 .debug_info    0x0000000000000000      0x7a2 Drivers/STM32F1xx_HAL_Driver/Src/stm32f1xx_hal.o
 .debug_info    0x00000000000007a2      0xe59 Drivers/STM32F1xx_HAL_Driver/Src/stm32f1xx_hal_adc.o
 .debug_info    0x00000000000015fb      0xb83 Drivers/STM32F1xx_HAL_Driver/Src/stm32f1xx_hal_adc_ex.o
 .debug_info    0x000000000000217e      0xca3 Drivers/STM32F1xx_HAL_Driver/Src/stm32f1xx_hal_cortex.o
 .debug_info    0x0000000000002e21      0x834 Drivers/STM32F1xx_HAL_Driver/Src/stm32f1xx_hal_dma.o
 .debug_info    0x0000000000003655      0x6d3 Drivers/STM32F1xx_HAL_Driver/Src/stm32f1xx_hal_flash.o
 .debug_info    0x0000000000003d28      0xac4 Drivers/STM32F1xx_HAL_Driver/Src/stm32f1xx_hal_flash_ex.o
 .debug_info    0x00000000000047ec      0x689 Drivers/STM32F1xx_HAL_Driver/Src/stm32f1xx_hal_gpio.o
 .debug_info    0x0000000000004e75      0x9dd Drivers/STM32F1xx_HAL_Driver/Src/stm32f1xx_hal_rcc.o
 .debug_info    0x0000000000005852      0x485 Drivers/STM32F1xx_HAL_Driver/Src/stm32f1xx_hal_rcc_ex.o
 .debug_info    0x0000000000005cd7     0x1ac8 Drivers/STM32F1xx_HAL_Driver/Src/stm32f1xx_hal_spi.o
 .debug_info    0x000000000000779f     0x317f Drivers/STM32F1xx_HAL_Driver/Src/stm32f1xx_hal_tim.o
 .debug_info    0x000000000000a91e     0x148f Drivers/STM32F1xx_HAL_Driver/Src/stm32f1xx_hal_tim_ex.o
 .debug_info    0x000000000000bdad     0x1697 Drivers/STM32F1xx_HAL_Driver/Src/stm32f1xx_hal_uart.o
 .debug_info    0x000000000000d444     0x1a12 Src/DELEYS/delay.o
 .debug_info    0x000000000000ee56     0x1a45 Src/DS18B20/crc8.o
 .debug_info    0x000000000001089b     0x2bbe Src/DS18B20/ds18b20.o
 .debug_info    0x0000000000013459      0x960 Src/EEPROM/EEPROM.o
 .debug_info    0x0000000000013db9     0x1f63 Src/EEPROM/rom.o
 .debug_info    0x0000000000015d1c     0x207d Src/HD44780/HD44780.o
 .debug_info    0x0000000000017d99     0x1d30 Src/NTC/ntc.o
 .debug_info    0x0000000000019ac9     0x1b61 Src/TIME_COUNTER/time_counter.o
 .debug_info    0x000000000001b62a     0x3d9f Src/UI/UI.o
 .debug_info    0x000000000001f3c9     0x1e82 Src/UI/infinite_heater.o
 .debug_info    0x000000000002124b     0x2053 Src/UI/program_and_memory.o
 .debug_info    0x000000000002329e     0x295e Src/main.o
 .debug_info    0x0000000000025bfc     0x2386 Src/stm32f1xx_hal_msp.o
 .debug_info    0x0000000000027f82     0x1d3a Src/stm32f1xx_it.o
 .debug_info    0x0000000000029cbc      0x42f Src/system_stm32f1xx.o
 .debug_info    0x000000000002a0eb       0x22 Startup/startup_stm32f103c8tx.o

.debug_abbrev   0x0000000000000000     0x4ab2
 .debug_abbrev  0x0000000000000000      0x1fe Drivers/STM32F1xx_HAL_Driver/Src/stm32f1xx_hal.o
 .debug_abbrev  0x00000000000001fe      0x1ee Drivers/STM32F1xx_HAL_Driver/Src/stm32f1xx_hal_adc.o
 .debug_abbrev  0x00000000000003ec      0x239 Drivers/STM32F1xx_HAL_Driver/Src/stm32f1xx_hal_adc_ex.o
 .debug_abbrev  0x0000000000000625      0x303 Drivers/STM32F1xx_HAL_Driver/Src/stm32f1xx_hal_cortex.o
 .debug_abbrev  0x0000000000000928      0x23c Drivers/STM32F1xx_HAL_Driver/Src/stm32f1xx_hal_dma.o
 .debug_abbrev  0x0000000000000b64      0x242 Drivers/STM32F1xx_HAL_Driver/Src/stm32f1xx_hal_flash.o
 .debug_abbrev  0x0000000000000da6      0x229 Drivers/STM32F1xx_HAL_Driver/Src/stm32f1xx_hal_flash_ex.o
 .debug_abbrev  0x0000000000000fcf      0x1de Drivers/STM32F1xx_HAL_Driver/Src/stm32f1xx_hal_gpio.o
 .debug_abbrev  0x00000000000011ad      0x257 Drivers/STM32F1xx_HAL_Driver/Src/stm32f1xx_hal_rcc.o
 .debug_abbrev  0x0000000000001404      0x1c9 Drivers/STM32F1xx_HAL_Driver/Src/stm32f1xx_hal_rcc_ex.o
 .debug_abbrev  0x00000000000015cd      0x238 Drivers/STM32F1xx_HAL_Driver/Src/stm32f1xx_hal_spi.o
 .debug_abbrev  0x0000000000001805      0x237 Drivers/STM32F1xx_HAL_Driver/Src/stm32f1xx_hal_tim.o
 .debug_abbrev  0x0000000000001a3c      0x237 Drivers/STM32F1xx_HAL_Driver/Src/stm32f1xx_hal_tim_ex.o
 .debug_abbrev  0x0000000000001c73      0x25f Drivers/STM32F1xx_HAL_Driver/Src/stm32f1xx_hal_uart.o
 .debug_abbrev  0x0000000000001ed2      0x263 Src/DELEYS/delay.o
 .debug_abbrev  0x0000000000002135      0x275 Src/DS18B20/crc8.o
 .debug_abbrev  0x00000000000023aa      0x3ad Src/DS18B20/ds18b20.o
 .debug_abbrev  0x0000000000002757      0x1b8 Src/EEPROM/EEPROM.o
 .debug_abbrev  0x000000000000290f      0x322 Src/EEPROM/rom.o
 .debug_abbrev  0x0000000000002c31      0x371 Src/HD44780/HD44780.o
 .debug_abbrev  0x0000000000002fa2      0x2f6 Src/NTC/ntc.o
 .debug_abbrev  0x0000000000003298      0x2d5 Src/TIME_COUNTER/time_counter.o
 .debug_abbrev  0x000000000000356d      0x4df Src/UI/UI.o
 .debug_abbrev  0x0000000000003a4c      0x312 Src/UI/infinite_heater.o
 .debug_abbrev  0x0000000000003d5e      0x342 Src/UI/program_and_memory.o
 .debug_abbrev  0x00000000000040a0      0x327 Src/main.o
 .debug_abbrev  0x00000000000043c7      0x2e6 Src/stm32f1xx_hal_msp.o
 .debug_abbrev  0x00000000000046ad      0x2bf Src/stm32f1xx_it.o
 .debug_abbrev  0x000000000000496c      0x134 Src/system_stm32f1xx.o
 .debug_abbrev  0x0000000000004aa0       0x12 Startup/startup_stm32f103c8tx.o

.debug_loc      0x0000000000000000     0xe12e
 .debug_loc     0x0000000000000000      0x104 Drivers/STM32F1xx_HAL_Driver/Src/stm32f1xx_hal.o
 .debug_loc     0x0000000000000104      0x9fa Drivers/STM32F1xx_HAL_Driver/Src/stm32f1xx_hal_adc.o
 .debug_loc     0x0000000000000afe      0x798 Drivers/STM32F1xx_HAL_Driver/Src/stm32f1xx_hal_adc_ex.o
 .debug_loc     0x0000000000001296      0x5ad Drivers/STM32F1xx_HAL_Driver/Src/stm32f1xx_hal_cortex.o
 .debug_loc     0x0000000000001843      0x7c6 Drivers/STM32F1xx_HAL_Driver/Src/stm32f1xx_hal_dma.o
 .debug_loc     0x0000000000002009      0x337 Drivers/STM32F1xx_HAL_Driver/Src/stm32f1xx_hal_flash.o
 .debug_loc     0x0000000000002340      0x859 Drivers/STM32F1xx_HAL_Driver/Src/stm32f1xx_hal_flash_ex.o
 .debug_loc     0x0000000000002b99      0x3b7 Drivers/STM32F1xx_HAL_Driver/Src/stm32f1xx_hal_gpio.o
 .debug_loc     0x0000000000002f50      0x4bb Drivers/STM32F1xx_HAL_Driver/Src/stm32f1xx_hal_rcc.o
 .debug_loc     0x000000000000340b      0x2d0 Drivers/STM32F1xx_HAL_Driver/Src/stm32f1xx_hal_rcc_ex.o
 .debug_loc     0x00000000000036db     0x195f Drivers/STM32F1xx_HAL_Driver/Src/stm32f1xx_hal_spi.o
 .debug_loc     0x000000000000503a     0x38d5 Drivers/STM32F1xx_HAL_Driver/Src/stm32f1xx_hal_tim.o
 .debug_loc     0x000000000000890f     0x119d Drivers/STM32F1xx_HAL_Driver/Src/stm32f1xx_hal_tim_ex.o
 .debug_loc     0x0000000000009aac     0x1533 Drivers/STM32F1xx_HAL_Driver/Src/stm32f1xx_hal_uart.o
 .debug_loc     0x000000000000afdf       0xaa Src/DELEYS/delay.o
 .debug_loc     0x000000000000b089      0x113 Src/DS18B20/crc8.o
 .debug_loc     0x000000000000b19c     0x1091 Src/DS18B20/ds18b20.o
 .debug_loc     0x000000000000c22d      0x9a8 Src/EEPROM/EEPROM.o
 .debug_loc     0x000000000000cbd5      0x3d4 Src/EEPROM/rom.o
 .debug_loc     0x000000000000cfa9      0x231 Src/HD44780/HD44780.o
 .debug_loc     0x000000000000d1da      0x46c Src/NTC/ntc.o
 .debug_loc     0x000000000000d646      0x131 Src/TIME_COUNTER/time_counter.o
 .debug_loc     0x000000000000d777      0x60d Src/UI/UI.o
 .debug_loc     0x000000000000dd84       0x8a Src/UI/infinite_heater.o
 .debug_loc     0x000000000000de0e       0x8a Src/UI/program_and_memory.o
 .debug_loc     0x000000000000de98      0x1b7 Src/stm32f1xx_hal_msp.o
 .debug_loc     0x000000000000e04f       0xdf Src/system_stm32f1xx.o

.debug_aranges  0x0000000000000000     0x15f0
 .debug_aranges
                0x0000000000000000       0xe0 Drivers/STM32F1xx_HAL_Driver/Src/stm32f1xx_hal.o
 .debug_aranges
                0x00000000000000e0       0xf0 Drivers/STM32F1xx_HAL_Driver/Src/stm32f1xx_hal_adc.o
 .debug_aranges
                0x00000000000001d0       0x80 Drivers/STM32F1xx_HAL_Driver/Src/stm32f1xx_hal_adc_ex.o
 .debug_aranges
                0x0000000000000250       0x90 Drivers/STM32F1xx_HAL_Driver/Src/stm32f1xx_hal_cortex.o
 .debug_aranges