ds18b20.c:46:6:oneWire_direction_set	24	static
ds18b20.c:76:9:oneWire_init	16	static
ds18b20.c:99:6:oneWire_writeBit	16	static
ds18b20.c:119:6:oneWire_writeByte	16	static
ds18b20.c:131:9:oneWire_readbit	16	static
ds18b20.c:152:9:oneWire_readbyte	16	static
ds18b20.c:182:6:write_data_to_struct	0	static
ds18b20.c:222:9:read_address_bit_form_struct	0	static
ds18b20.c:269:9:ds18b20_check_crc	8	static
ds18b20.c:283:9:ds18b20_search_rom	32	static
ds18b20.c:354:9:ds18b20_convertTA	16	static
ds18b20.c:377:9:ds18b20_convertT	16	static
ds18b20.c:403:6:calculate_data_address	0	static
ds18b20.c:409:9:ds18b20_read_scratchpad	32	static
ds18b20.c:444:9:ds18b20_write_scratchpad	40	static
ds18b20.c:484:9:ds18b20_copy_scratchpad	32	static
ds18b20.c:527:9:ds18b20_set_default_resolution	16	static
ds18b20.c:535:10:ds18b20_get_scratchpad_temperature	16	static
ds18b20.c:543:10:ds18b20_get_scratchpad_userBytes	16	static
ds18b20.c:550:9:ds18b20_get_scratchpad_config	16	static
ds18b20.c:558:9:ds18b20_get_scratchpad_crc	16	static
ds18b20.c:566:6:delay_check	16	static
ds18b20.c:577:6:convert_T_to_string_hex	16	static
ds18b20.c:626:6:ds18b20_initalize	8	static
ds18b20.c:636:6:ds18b20_convert_temperature	8	static
ds18b20.c:652:6:ds18b20_read_primary_sensor	16	static
