ds18b20.c:41:6:oneWire_direction_set	24	static
ds18b20.c:67:9:oneWire_init	8	static
ds18b20.c:87:6:oneWire_writeBit	8	static
ds18b20.c:104:6:oneWire_writeByte	16	static
ds18b20.c:113:9:oneWire_readbit	8	static
ds18b20.c:131:9:oneWire_readbyte	16	static
ds18b20.c:142:9:oneWire_deviceCounter	16	static
ds18b20.c:160:6:write_data_to_struct	4	static
ds18b20.c:200:9:read_address_bit_form_struct	0	static
ds18b20.c:247:9:ds18b20_check_crc	8	static
ds18b20.c:261:9:ds18b20_search_rom	32	static
ds18b20.c:332:9:ds18b20_convertT	8	static
ds18b20.c:349:9:ds18b20_read_scratchpad	24	static
ds18b20.c:383:9:ds18b20_write_scratchpad	24	static
ds18b20.c:420:9:ds18b20_copy_scratchpad	16	static
ds18b20.c:455:9:ds18b20_set_default_resolution	8	static
ds18b20.c:463:10:ds18b20_get_scratchpad_temperature	8	static
ds18b20.c:471:10:ds18b20_get_scratchpad_userBytes	8	static
ds18b20.c:478:9:ds18b20_get_scratchpad_config	8	static
ds18b20.c:486:9:ds18b20_get_scratchpad_crc	8	static
ds18b20.c:494:6:delay_check	16	static
ds18b20.c:505:6:convert_T_to_string_hex	16	static
ds18b20.c:554:6:ds18b20_initalize	8	static
