HD44780.c:21:6:LCD_Data_Bus_Input	0	static
HD44780.c:25:6:LCD_Data_Bus_Output	0	static
HD44780.c:30:6:_LCD_Send_Half	16	static
HD44780.c:44:6:_LCD_Write	8	static
HD44780.c:57:9:_LCD_Read_Half	16	static
HD44780.c:71:9:_LCD_Read	8	static
HD44780.c:103:9:LCD_ReadStatus	8	static
HD44780.c:91:6:LCD_WriteCommand	8	static
HD44780.c:113:6:LCD_WriteData	8	static
HD44780.c:124:9:LCD_ReadData	8	static
HD44780.c:133:6:LCD_WriteText	8	static
HD44780.c:141:6:LCD_GoTo	8	static
HD44780.c:149:6:LCD_Clear	8	static
HD44780.c:158:6:LCD_Home	8	static
HD44780.c:167:6:LCD_Initalize	8	static
HD44780.c:198:6:lcd_buf_go_to	0	static
HD44780.c:205:6:lcd_char	0	static
HD44780.c:211:6:lcd_buf_clear	0	static
HD44780.c:222:6:lcd_buf_write_text	4	static
HD44780.c:231:6:lcd_handler	8	static
HD44780.c:268:6:lcd_circle_bufer_refresh	16	static
