HD44780.c:21:6:LCD_Data_Bus_Input	0	static
HD44780.c:24:6:LCD_Data_Bus_Output	0	static
HD44780.c:29:6:_LCD_Write	16	static
HD44780.c:45:9:_LCD_Read	16	static
HD44780.c:76:9:LCD_ReadStatus	8	static
HD44780.c:64:6:LCD_WriteCommand	8	static
HD44780.c:86:6:LCD_WriteData	8	static
HD44780.c:97:9:LCD_ReadData	8	static
HD44780.c:106:6:LCD_WriteText	8	static
HD44780.c:114:6:LCD_GoTo	8	static
HD44780.c:122:6:LCD_Clear	8	static
HD44780.c:131:6:LCD_Home	8	static
HD44780.c:140:6:LCD_Initalize	8	static
HD44780.c:171:6:lcd_buf_go_to	0	static
HD44780.c:178:6:lcd_char	0	static
HD44780.c:184:6:lcd_buf_clear	0	static
HD44780.c:195:6:lcd_buf_write_text	4	static
HD44780.c:204:6:lcd_handler	8	static
HD44780.c:241:6:lcd_circle_bufer_refresh	16	static
