program&sequance.c:10:12:return_to_menu	0	static
program&sequance.c:15:12:program_heating_display	0	static
program&sequance.c:19:12:program_sets_display	0	static
program&sequance.c:23:12:program_exit	0	static
program&sequance.c:27:12:program_stabilation_display	0	static
program&sequance.c:31:12:program_time_end	0	static
program&sequance.c:36:12:sequance1_heating_display	0	static
program&sequance.c:40:12:sequance1_sets_display	0	static
program&sequance.c:44:12:sequance1_exit	0	static
program&sequance.c:48:12:sequance1_stabliziation_display	0	static
program&sequance.c:54:12:sequance2_heating_display	0	static
program&sequance.c:58:12:sequance2_sets_display	0	static
program&sequance.c:62:12:sequance2_exit	0	static
program&sequance.c:66:12:sequance2_stabliziation_display	0	static
program&sequance.c:72:12:sequance3_heating_display	0	static
program&sequance.c:76:12:sequance3_sets_display	0	static
program&sequance.c:80:12:sequance3_exit	0	static
program&sequance.c:84:12:sequance3_stabliziation_display	0	static
program&sequance.c:88:12:sequance3_end	0	static
program&sequance.c:93:12:mem1_heating	0	static
program&sequance.c:97:12:mem1_sets_display	0	static
program&sequance.c:101:12:mem1_exit	0	static
program&sequance.c:105:12:mem1_stabilation_display	0	static
program&sequance.c:109:12:mem1_time_end	0	static
program&sequance.c:114:12:mem2_heating	0	static
program&sequance.c:118:12:mem2_sets_display	0	static
program&sequance.c:122:12:mem2_exit	0	static
program&sequance.c:126:12:mem2_stabilation_display	0	static
program&sequance.c:130:12:mem2_time_end	0	static
program&sequance.c:135:12:mem3_heating	0	static
program&sequance.c:139:12:mem3_sets_display	0	static
program&sequance.c:143:12:mem3_exit	0	static
program&sequance.c:147:12:mem3_stabilation_display	0	static
program&sequance.c:151:12:mem3_time_end	0	static
program&sequance.c:157:13:populte_exec	4	static
program&sequance.c:164:6:program_and_sequance_populate_table	40	static
program&sequance.c:350:6:program_and_sequance_handler	0	static
