UI.c:81:6:infinite_heating_callback	8	static
UI.c:228:6:heat_event	8	static
UI.c:154:6:ui_infinite_heating_temp_plus	8	static
UI.c:162:6:ui_infinite_heating_temp_minus	8	static
UI.c:248:6:ui_button_handler	8	static
UI.c:253:6:convert_time_to_str	8	static
UI.c:265:6:convert_temp_to_str	8	static
UI.c:279:14:ui_test_string	0	static
UI.c:285:6:menu_refresh	16	static
UI.c:51:6:ui_set_time_callback	8	static
UI.c:56:6:ui_set_temp_callback	8	static
UI.c:60:6:ui_time_save_and_exit	8	static
UI.c:65:6:ui_time_exit_witout_save	8	static
UI.c:70:6:ui_temp_save_and_exit	8	static
UI.c:75:6:ui_temp_exit_witout_save	8	static
UI.c:105:6:ui_time_plus	8	static
UI.c:119:6:ui_time_minus	8	static
UI.c:191:6:set_time_button_event	8	static
UI.c:135:6:ui_temp_plus	8	static
UI.c:144:6:ui_temp_minus	8	static
UI.c:209:6:set_temp_button_event	8	static
UI.c:336:9:menu_get_index	0	static
UI.c:352:6:ui_menu_next	8	static
UI.c:371:6:ui_menu_prev	8	static
UI.c:393:9:menu_get_level	0	static
UI.c:409:6:ui_menu_enter	8	static
UI.c:440:6:ui_menu_back	8	static
UI.c:172:6:menu_button_event	8	static
UI.c:465:6:iu_button_hold_handler	8	static
UI.c:513:9:temp_progress_bar	32	static
UI.c:609:6:ui_handler	8	static
UI.c:624:6:build_menu	0	static
UI.c:641:6:ui_populate_with_rom_data	72	static
UI.c:694:7:ui_get_primary_temperature	8	static
UI.c:700:7:ui_get_set_point_temperature	8	static
UI.c:710:6:ui_initalize	0	static
UI.c:720:13:UI_led_red_on	0	static
UI.c:724:13:UI_led_red_off	0	static
UI.c:728:13:UI_green_led_on	0	static
UI.c:732:13:UI_green_led_off	0	static
UI.c:736:13:UI_buzz_on	0	static
UI.c:740:13:UI_buzz_off	0	static
UI.c:745:6:UI_leds_check	8	static
UI.c:764:6:UI_buzz_check	8	static
