core_cm3.h:1639:22:__NVIC_SetPriority	16	static
core_cm3.h:1834:26:SysTick_Config	16	static
UI.c:90:6:ui_list_init	4	static
UI.c:109:6:convert_time_to_str	24	static
UI.c:121:6:convert_temp_to_str	32	static
UI.c:135:14:ui_test_string	16	static
UI.c:141:6:menu_refresh	32	static
UI.c:183:9:menu_get_index	24	static
UI.c:199:6:ui_menu_next	8	static
UI.c:218:6:ui_menu_prev	8	static
UI.c:240:9:menu_get_level	24	static
UI.c:256:6:ui_menu_enter	8	static
UI.c:287:6:ui_menu_back	8	static
UI.c:313:6:ui_handler	4	static
UI.c:364:6:ui_change_ds18B20_status	16	static
UI.c:369:6:ui_change_ntc_status	16	static
UI.c:374:6:ui_change_heating_status	16	static
UI.c:385:6:ui_initalize	8	static
UI.c:395:13:UI_led_red_on	4	static
UI.c:399:13:UI_led_red_off	4	static
UI.c:403:13:UI_green_led_on	4	static
UI.c:407:13:UI_green_led_off	4	static
UI.c:411:13:UI_buzz_on	4	static
UI.c:415:13:UI_buzz_off	4	static
UI.c:420:6:UI_leds_check	8	static
UI.c:439:6:UI_buzz_check	8	static
