UI.c:213:6:ui_change_button_func	0	static
UI.c:235:6:ui_list_init	0	static
UI.c:239:6:convert_time_to_str	8	static
UI.c:251:6:convert_temp_to_str	8	static
UI.c:265:14:ui_test_string	0	static
UI.c:271:6:menu_refresh	16	static
UI.c:69:6:ui_set_time_callback	8	static
UI.c:74:6:ui_set_temp_callback	8	static
UI.c:79:6:ui_time_plus	8	static
UI.c:93:6:ui_time_minus	8	static
UI.c:107:6:ui_time_save_and_exit	8	static
UI.c:112:6:ui_time_exit_witout_save	8	static
UI.c:118:6:ui_temp_plus	8	static
UI.c:127:6:ui_temp_minus	8	static
UI.c:136:6:ui_temp_save_and_exit	8	static
UI.c:141:6:ui_temp_exit_witout_save	8	static
UI.c:322:9:menu_get_index	0	static
UI.c:338:6:ui_menu_next	8	static
UI.c:357:6:ui_menu_prev	8	static
UI.c:379:9:menu_get_level	0	static
UI.c:395:6:ui_menu_enter	8	static
UI.c:426:6:ui_menu_back	8	static
UI.c:149:6:ui_button_handler	8	static
UI.c:451:6:iu_button_hold_handler	8	static
UI.c:499:6:ui_handler	8	static
UI.c:557:6:ui_change_ds18B20_status	0	static
UI.c:562:6:ui_change_ntc_status	0	static
UI.c:567:6:ui_change_heating_status	0	static
UI.c:573:6:ui_populate_with_rom_data	40	static
UI.c:739:6:ui_initalize	0	static
UI.c:749:13:UI_led_red_on	0	static
UI.c:753:13:UI_led_red_off	0	static
UI.c:757:13:UI_green_led_on	0	static
UI.c:761:13:UI_green_led_off	0	static
UI.c:765:13:UI_buzz_on	0	static
UI.c:769:13:UI_buzz_off	0	static
UI.c:774:6:UI_leds_check	8	static
UI.c:793:6:UI_buzz_check	8	static
