UI.c:75:6:ui_nc_start_heating	8	static
UI.c:79:6:ui_mem1_start_heating	8	static
UI.c:83:6:ui_mem2_start_heating	8	static
UI.c:87:6:ui_mem3_start_heating	8	static
UI.c:227:6:ui_change_button_func	0	static
UI.c:249:6:ui_list_init	0	static
UI.c:253:6:convert_time_to_str	8	static
UI.c:265:6:convert_temp_to_str	8	static
UI.c:279:14:ui_test_string	0	static
UI.c:285:6:menu_refresh	16	static
UI.c:65:6:ui_set_time_callback	8	static
UI.c:70:6:ui_set_temp_callback	8	static
UI.c:93:6:ui_time_plus	8	static
UI.c:107:6:ui_time_minus	8	static
UI.c:121:6:ui_time_save_and_exit	8	static
UI.c:126:6:ui_time_exit_witout_save	8	static
UI.c:132:6:ui_temp_plus	8	static
UI.c:141:6:ui_temp_minus	8	static
UI.c:150:6:ui_temp_save_and_exit	8	static
UI.c:155:6:ui_temp_exit_witout_save	8	static
UI.c:336:9:menu_get_index	0	static
UI.c:352:6:ui_menu_next	8	static
UI.c:371:6:ui_menu_prev	8	static
UI.c:393:9:menu_get_level	0	static
UI.c:409:6:ui_menu_enter	8	static
UI.c:440:6:ui_menu_back	8	static
UI.c:163:6:ui_button_handler	8	static
UI.c:465:6:iu_button_hold_handler	8	static
UI.c:519:9:temp_progress_bar	32	static
UI.c:534:6:iu_heating_process_handler	48	static
UI.c:613:6:ui_handler	8	static
UI.c:670:6:ui_populate_with_rom_data	40	static
UI.c:836:6:ui_initalize	0	static
UI.c:846:13:UI_led_red_on	0	static
UI.c:850:13:UI_led_red_off	0	static
UI.c:854:13:UI_green_led_on	0	static
UI.c:858:13:UI_green_led_off	0	static
UI.c:862:13:UI_buzz_on	0	static
UI.c:866:13:UI_buzz_off	0	static
UI.c:871:6:UI_leds_check	8	static
UI.c:890:6:UI_buzz_check	8	static
