UI.c:112:6:ui_set_time_callback	0	static
UI.c:116:6:ui_set_temp_callback	0	static
UI.c:148:6:ui_time_save_and_exit	0	static
UI.c:152:6:ui_time_exit_witout_save	0	static
UI.c:175:6:ui_temp_save_and_exit	0	static
UI.c:179:6:ui_temp_exit_witout_save	0	static
UI.c:250:6:ui_change_button_func	0	static
UI.c:272:6:ui_list_init	0	static
UI.c:276:6:convert_time_to_str	8	static
UI.c:288:6:convert_temp_to_str	8	static
UI.c:302:14:ui_test_string	0	static
UI.c:308:6:menu_refresh	16	static
UI.c:120:6:ui_time_plus	8	static
UI.c:134:6:ui_time_minus	8	static
UI.c:157:6:ui_temp_plus	8	static
UI.c:166:6:ui_temp_minus	8	static
UI.c:350:9:menu_get_index	0	static
UI.c:366:6:ui_menu_next	8	static
UI.c:385:6:ui_menu_prev	8	static
UI.c:407:9:menu_get_level	0	static
UI.c:423:6:ui_menu_enter	8	static
UI.c:454:6:ui_menu_back	8	static
UI.c:186:6:ui_button_handler	8	static
UI.c:479:6:iu_button_hold_handler	8	static
UI.c:528:6:ui_handler	8	static
UI.c:582:6:ui_change_ds18B20_status	0	static
UI.c:587:6:ui_change_ntc_status	0	static
UI.c:592:6:ui_change_heating_status	0	static
UI.c:603:6:ui_initalize	0	static
UI.c:613:13:UI_led_red_on	0	static
UI.c:617:13:UI_led_red_off	0	static
UI.c:621:13:UI_green_led_on	0	static
UI.c:625:13:UI_green_led_off	0	static
UI.c:629:13:UI_buzz_on	0	static
UI.c:633:13:UI_buzz_off	0	static
UI.c:638:6:UI_leds_check	8	static
UI.c:657:6:UI_buzz_check	8	static
