UI.c:83:6:infinite_heating_callback	8	static
UI.c:255:6:heat_event	8	static
UI.c:88:6:program_callback	8	static
UI.c:93:6:sequance_callback	8	static
UI.c:98:6:mem1_callback	8	static
UI.c:103:6:mem2_callback	8	static
UI.c:108:6:mem3_callback	8	static
UI.c:276:6:program_and_sequance_event	8	static
UI.c:181:6:ui_infinite_heating_temp_plus	8	static
UI.c:189:6:ui_infinite_heating_temp_minus	8	static
UI.c:294:6:ui_button_handler	8	static
UI.c:299:6:convert_time_to_str	8	static
UI.c:311:6:convert_temp_to_str	8	static
UI.c:325:14:ui_test_string	0	static
UI.c:331:6:menu_refresh	16	static
UI.c:53:6:ui_set_time_callback	8	static
UI.c:58:6:ui_set_temp_callback	8	static
UI.c:62:6:ui_time_save_and_exit	8	static
UI.c:67:6:ui_time_exit_witout_save	8	static
UI.c:72:6:ui_temp_save_and_exit	8	static
UI.c:77:6:ui_temp_exit_witout_save	8	static
UI.c:133:6:ui_time_plus	8	static
UI.c:147:6:ui_time_minus	8	static
UI.c:218:6:set_time_button_event	8	static
UI.c:162:6:ui_temp_plus	8	static
UI.c:171:6:ui_temp_minus	8	static
UI.c:236:6:set_temp_button_event	8	static
UI.c:382:9:menu_get_index	0	static
UI.c:398:6:ui_menu_next	8	static
UI.c:417:6:ui_menu_prev	8	static
UI.c:439:9:menu_get_level	0	static
UI.c:455:6:ui_menu_enter	8	static
UI.c:486:6:ui_menu_back	8	static
UI.c:199:6:menu_button_event	8	static
UI.c:511:9:iu_button_hold_handler	8	static
UI.c:562:9:temp_progress_bar	32	static
UI.c:630:6:build_menu	0	static
UI.c:647:6:ui_populate_with_rom_data	72	static
UI.c:701:7:ui_get_primary_temperature	8	static
UI.c:577:6:iu_time_handler	16	static
UI.c:613:6:ui_handler	8	static
UI.c:706:6:ui_return_to_menu	8	static
UI.c:717:6:ui_initalize	0	static
UI.c:727:13:UI_led_red_on	0	static
UI.c:731:13:UI_led_red_off	0	static
UI.c:735:13:UI_green_led_on	0	static
UI.c:739:13:UI_green_led_off	0	static
UI.c:743:13:UI_buzz_on	0	static
UI.c:747:13:UI_buzz_off	0	static
UI.c:752:6:UI_leds_check	8	static
UI.c:771:6:UI_buzz_check	8	static
