UI.c:81:6:infinite_heating_callback	8	static
UI.c:228:6:heat_event	8	static
UI.c:154:6:ui_infinite_heating_temp_plus	8	static
UI.c:162:6:ui_infinite_heating_temp_minus	8	static
UI.c:250:6:ui_button_handler	8	static
UI.c:255:6:convert_time_to_str	8	static
UI.c:267:6:convert_temp_to_str	8	static
UI.c:281:14:ui_test_string	0	static
UI.c:287:6:menu_refresh	16	static
UI.c:51:6:ui_set_time_callback	8	static
UI.c:56:6:ui_set_temp_callback	8	static
UI.c:60:6:ui_time_save_and_exit	8	static
UI.c:65:6:ui_time_exit_witout_save	8	static
UI.c:70:6:ui_temp_save_and_exit	8	static
UI.c:75:6:ui_temp_exit_witout_save	8	static
UI.c:105:6:ui_time_plus	8	static
UI.c:119:6:ui_time_minus	8	static
UI.c:191:6:set_time_button_event	8	static
UI.c:135:6:ui_temp_plus	8	static
UI.c:144:6:ui_temp_minus	8	static
UI.c:209:6:set_temp_button_event	8	static
UI.c:338:9:menu_get_index	0	static
UI.c:354:6:ui_menu_next	8	static
UI.c:373:6:ui_menu_prev	8	static
UI.c:395:9:menu_get_level	0	static
UI.c:411:6:ui_menu_enter	8	static
UI.c:442:6:ui_menu_back	8	static
UI.c:172:6:menu_button_event	8	static
UI.c:467:9:iu_button_hold_handler	8	static
UI.c:518:9:temp_progress_bar	32	static
UI.c:586:6:build_menu	0	static
UI.c:603:6:ui_populate_with_rom_data	72	static
UI.c:657:7:ui_get_primary_temperature	8	static
UI.c:533:6:iu_time_handler	16	static
UI.c:569:6:ui_handler	8	static
UI.c:662:6:ui_return_to_menu	8	static
UI.c:673:6:ui_initalize	0	static
UI.c:683:13:UI_led_red_on	0	static
UI.c:687:13:UI_led_red_off	0	static
UI.c:691:13:UI_green_led_on	0	static
UI.c:695:13:UI_green_led_off	0	static
UI.c:699:13:UI_buzz_on	0	static
UI.c:703:13:UI_buzz_off	0	static
UI.c:708:6:UI_leds_check	8	static
UI.c:727:6:UI_buzz_check	8	static
