UI.c:85:6:ui_nc_start_heating	8	static
UI.c:89:6:ui_mem1_start_heating	8	static
UI.c:93:6:ui_mem2_start_heating	8	static
UI.c:97:6:ui_mem3_start_heating	8	static
UI.c:237:6:ui_change_button_func	0	static
UI.c:259:6:ui_list_init	0	static
UI.c:263:6:convert_time_to_str	8	static
UI.c:275:6:convert_temp_to_str	8	static
UI.c:289:14:ui_test_string	0	static
UI.c:295:6:menu_refresh	16	static
UI.c:75:6:ui_set_time_callback	8	static
UI.c:80:6:ui_set_temp_callback	8	static
UI.c:103:6:ui_time_plus	8	static
UI.c:117:6:ui_time_minus	8	static
UI.c:131:6:ui_time_save_and_exit	8	static
UI.c:136:6:ui_time_exit_witout_save	8	static
UI.c:142:6:ui_temp_plus	8	static
UI.c:151:6:ui_temp_minus	8	static
UI.c:160:6:ui_temp_save_and_exit	8	static
UI.c:165:6:ui_temp_exit_witout_save	8	static
UI.c:346:9:menu_get_index	0	static
UI.c:362:6:ui_menu_next	8	static
UI.c:381:6:ui_menu_prev	8	static
UI.c:403:9:menu_get_level	0	static
UI.c:419:6:ui_menu_enter	8	static
UI.c:450:6:ui_menu_back	8	static
UI.c:173:6:ui_button_handler	8	static
UI.c:475:6:iu_button_hold_handler	8	static
UI.c:529:9:temp_progress_bar	32	static
UI.c:544:6:iu_heating_process_handler	48	static
UI.c:623:6:ui_handler	8	static
UI.c:683:6:ui_change_ds18B20_status	0	static
UI.c:688:6:ui_change_ntc_status	0	static
UI.c:693:6:ui_change_heating_status	0	static
UI.c:699:6:ui_populate_with_rom_data	40	static
UI.c:865:6:ui_initalize	0	static
UI.c:875:13:UI_led_red_on	0	static
UI.c:879:13:UI_led_red_off	0	static
UI.c:883:13:UI_green_led_on	0	static
UI.c:887:13:UI_green_led_off	0	static
UI.c:891:13:UI_buzz_on	0	static
UI.c:895:13:UI_buzz_off	0	static
UI.c:900:6:UI_leds_check	8	static
UI.c:919:6:UI_buzz_check	8	static
