core_cm3.h:1639:22:__NVIC_SetPriority	16	static
core_cm3.h:1834:26:SysTick_Config	16	static
UI.c:40:6:ui_handler	4	static
UI.c:91:6:ui_change_ds18B20_status	16	static
UI.c:96:6:ui_change_ntc_status	16	static
UI.c:101:6:ui_change_heating_status	16	static
UI.c:110:13:ui_increment_ms_counter	4	static
UI.c:119:9:ui_initalize	8	static
UI.c:129:13:UI_led_red_on	4	static
UI.c:133:13:UI_led_red_off	4	static
UI.c:137:13:UI_green_led_on	4	static
UI.c:141:13:UI_green_led_off	4	static
UI.c:145:13:UI_buzz_on	4	static
UI.c:149:13:UI_buzz_off	4	static
UI.c:154:6:UI_leds_check	8	static
UI.c:173:6:UI_buzz_check	8	static
