UI.c:130:6:sequance_callback	0	static
UI.c:115:6:infinite_heating_callback	8	static
UI.c:310:6:heat_event	8	static
UI.c:135:6:mem1_callback	8	static
UI.c:331:6:program_event	8	static
UI.c:68:6:ui_refresh_memory_data	8	static
UI.c:120:6:program_callback	8	static
UI.c:143:6:mem2_callback	8	static
UI.c:156:6:mem3_callback	8	static
UI.c:236:6:ui_infinite_heating_temp_plus	8	static
UI.c:244:6:ui_infinite_heating_temp_minus	8	static
UI.c:349:6:ui_button_handler	8	static
UI.c:354:6:convert_time_to_str	8	static
UI.c:366:6:convert_downcount_timer_to_str	8	static
UI.c:379:6:convert_temp_to_str	8	static
UI.c:393:14:ui_test_string	0	static
UI.c:399:6:menu_refresh	16	static
UI.c:85:6:ui_set_time_callback	8	static
UI.c:90:6:ui_set_temp_callback	8	static
UI.c:94:6:ui_time_save_and_exit	8	static
UI.c:99:6:ui_time_exit_witout_save	8	static
UI.c:104:6:ui_temp_save_and_exit	8	static
UI.c:109:6:ui_temp_exit_witout_save	8	static
UI.c:188:6:ui_time_plus	8	static
UI.c:202:6:ui_time_minus	8	static
UI.c:273:6:set_time_button_event	8	static
UI.c:217:6:ui_temp_plus	8	static
UI.c:226:6:ui_temp_minus	8	static
UI.c:291:6:set_temp_button_event	8	static
UI.c:450:9:menu_get_index	0	static
UI.c:466:6:ui_menu_next	8	static
UI.c:485:6:ui_menu_prev	8	static
UI.c:507:9:menu_get_level	0	static
UI.c:523:6:ui_menu_enter	8	static
UI.c:554:6:ui_menu_back	8	static
UI.c:254:6:menu_button_event	8	static
UI.c:579:9:iu_button_hold_handler	8	static
UI.c:630:9:temp_progress_bar	32	static
UI.c:645:6:iu_time_handler	8	static
UI.c:680:6:ui_handler	8	static
UI.c:697:6:build_menu	0	static
UI.c:714:6:ui_populate_with_rom_data	72	static
UI.c:769:7:ui_get_primary_temperature	8	static
UI.c:774:6:ui_return_to_menu	8	static
UI.c:781:6:progress_bar_display	16	static
UI.c:814:6:ui_initalize	0	static
UI.c:824:13:UI_led_red_on	0	static
UI.c:828:13:UI_led_red_off	0	static
UI.c:832:13:UI_green_led_on	0	static
UI.c:836:13:UI_green_led_off	0	static
UI.c:840:13:UI_buzz_on	0	static
UI.c:844:13:UI_buzz_off	0	static
UI.c:849:6:UI_leds_check	8	static
UI.c:868:6:UI_buzz_check	8	static
