time_counter.c:14:6:tc_init	0	static
time_counter.c:25:6:tc_set_counter	0	static
time_counter.c:32:6:tc_run_downcounter	0	static
time_counter.c:38:6:tc_stop_downcounter	0	static
time_counter.c:45:6:end_tc_down_counter_event	8	static
time_counter.c:74:6:tc_down_counter	8	static
time_counter.c:107:6:tc_convert_time_to_string	12	static
time_counter.c:121:6:tc_get_time	4	static
time_counter.c:128:6:tc_get_countdown_string	12	static
time_counter.c:141:6:tc_set_dc_flag	0	static
time_counter.c:147:9:tc_get_status	0	static
time_counter.c:152:6:tc_set_mode	0	static
time_counter.c:157:6:tc_interrupted_end	8	static
