ntc.c:66:8:ntc_get_temp_sens_value	0	static
ntc.c:71:6:ntc_TEMP_SENS_calc	8	static
ntc.c:76:6:ntc_analog_sensors_calc	32	static
ntc.c:51:6:ntc_handler	16	static
ntc.c:205:9:ntc_check_analog_sensors_status	16	static
ntc.c:44:6:ntc_init	8	static
ntc.c:215:8:ntc_get_analog_sensors_value	0	static
ntc.c:222:6:ntc_start_continous_converting	8	static
ntc.c:227:8:ntc_convert_celsius_to_kelvin	8	static
ntc.c:232:8:ntc_convert_kelvin_to_celsius	8	static
ntc.c:237:8:ntc_convert_ADC_to_double	16	static
ntc.c:264:9:ntc_convert_float_to_string	24	static
ntc.c:320:6:ntc_initalize	8	static
