ntc.c:67:8:ntc_get_temp_sens_value	0	static
ntc.c:72:6:ntc_TEMP_SENS_calc	8	static
ntc.c:80:6:ntc_analog_sensors_calc	32	static
ntc.c:51:6:ntc_handler	8	static
ntc.c:210:9:ntc_check_analog_sensors_status	16	static
ntc.c:44:6:ntc_init	8	static
ntc.c:220:8:ntc_get_analog_sensors_value	0	static
ntc.c:228:6:ntc_start_continous_converting	8	static
ntc.c:233:8:ntc_convert_celsius_to_kelvin	8	static
ntc.c:238:8:ntc_convert_kelvin_to_celsius	8	static
ntc.c:243:8:ntc_convert_ADC_to_double	16	static
ntc.c:270:9:ntc_convert_float_to_string	24	static
ntc.c:325:6:ntc_initalize	8	static
